onset_type,onset_time,pitch
no_change,9.014,57
no_change,9.525,62
no_change,9.527,66
no_change,10.432,66
no_change,10.905,64
no_change,10.907,61
no_change,11.691,69
no_change,12.13,66
no_change,12.132,62
no_change,12.955,66
no_change,13.361,64
no_change,13.364,61
no_change,13.727,69
no_change,14.082,64
no_change,14.5,66
no_change,14.502,62
no_change,15.266,64
no_change,15.268,61
no_change,15.661,59
no_change,15.67,62
no_change,15.73,64
no_change,15.825,62
no_change,16.15,61
no_change,16.541,62
no_change,16.948,61
no_change,17.33,52
no_change,17.748,45
no_change,18.193,45
no_change,18.98,57
no_change,19.448,67
no_change,19.452,52
no_change,19.455,59
no_change,20.295,67
no_change,20.768,64
no_change,20.77,57
no_change,20.773,61
no_change,21.205,66
no_change,21.639,67
no_change,21.643,45
no_change,22.132,66
no_change,22.134,50
no_change,22.973,66
no_change,22.984,62
no_change,23.452,62
no_change,23.455,55
no_change,23.893,64
no_change,24.327,66
no_change,24.332,52
no_change,24.832,64
no_change,24.839,57
no_change,24.841,61
no_change,25.72,64
no_change,26.143,45
no_change,26.273,55
no_change,26.405,61
no_change,27.218,62
no_change,27.714,62
no_change,27.723,38
no_change,27.725,54
no_change,28.614,45
no_change,29.116,50
no_change,30.116,57
no_change,30.593,62
no_change,31.45,66
no_change,31.934,64
no_change,31.939,61
no_change,32.766,69
no_change,33.223,62
no_change,34.075,66
no_change,34.486,61
no_change,34.85,69
no_change,35.225,64
no_change,35.65,66
no_change,35.652,62
no_change,36.482,64
no_change,36.486,61
no_change,36.875,59
no_change,36.923,64
no_change,37.05,62
no_change,37.33,61
no_change,37.711,62
no_change,38.093,64
no_change,38.095,61
no_change,38.486,52
no_change,38.916,45
no_change,39.35,45
no_change,40.166,57
no_change,40.625,67
no_change,40.627,52
no_change,41.448,67
no_change,41.88,57
no_change,41.939,61
no_change,42.039,64
no_change,42.42,66
no_change,42.809,67
no_change,42.816,45
no_change,43.234,66
no_change,43.243,62
no_change,43.252,50
no_change,44.073,62
no_change,44.084,66
no_change,44.505,55
no_change,44.586,59
no_change,44.664,62
no_change,45.03,64
no_change,45.427,66
no_change,45.436,52
no_change,45.911,64
no_change,45.92,57
no_change,46.775,64
no_change,47.323,45
no_change,47.457,55
no_change,47.55,61
no_change,48.325,62
no_change,48.889,62
no_change,48.898,54
no_change,48.9,38
no_change,49.93,57
no_change,50.466,66
no_change,51.234,64
no_change,51.418,62
no_change,51.877,64
no_change,51.88,49
no_change,52.761,57
no_change,53.23,67
no_change,53.236,45
no_change,53.891,66
no_change,54.093,64
no_change,54.514,66
no_change,54.518,50
no_change,54.52,57
no_change,55.309,62
no_change,55.782,69
no_change,55.784,54
no_change,56.398,67
no_change,56.586,66
no_change,56.995,64
no_change,57.005,55
no_change,57.423,66
no_change,57.841,62
no_change,58.186,47
no_change,58.266,56
no_change,58.323,62
no_change,58.445,64
no_change,58.911,66
no_change,59.318,62
no_change,59.782,64
no_change,59.786,61
no_change,60.427,57
no_change,60.925,45
no_change,61.486,50
no_change,61.489,54
no_change,62.152,64
no_change,62.402,62
no_change,62.868,64
no_change,62.875,45
no_change,62.88,52
no_change,63.768,57
no_change,64.223,52
no_change,64.273,57
no_change,64.275,49
no_change,64.893,66
no_change,65.132,62
no_change,65.611,66
no_change,65.616,57
no_change,65.618,50
no_change,66.439,69
no_change,66.916,55
no_change,67.011,59
no_change,67.148,74
no_change,67.898,73
no_change,68.084,71
no_change,68.355,69
no_change,68.591,57
no_change,68.68,62
no_change,68.743,66
no_change,69.298,67
no_change,69.668,66
no_change,70.002,64
no_change,70.045,45
no_change,70.12,55
no_change,70.157,66
no_change,70.189,61
no_change,70.273,64
no_change,70.659,62
no_change,71.05,61
no_change,71.539,62
no_change,71.548,38
no_change,72.582,50
no_change,73.057,50
no_change,73.12,59
no_change,73.123,55
no_change,73.802,64
no_change,74.018,55
no_change,74.407,64
no_change,74.83,55
no_change,75.268,45
no_change,75.741,55
no_change,76.405,59
no_change,76.605,64
no_change,77.118,55
no_change,77.941,76
no_change,78.373,59
no_change,78.455,62
no_change,78.484,66
no_change,78.586,74
no_change,78.968,73
no_change,79.336,74
no_change,79.77,62
no_change,79.823,55
no_change,79.891,59
no_change,80.002,76
no_change,80.727,76
no_change,81.13,64
no_change,81.136,62
no_change,81.139,59
no_change,81.141,68
no_change,81.548,76
no_change,81.939,64
no_change,82.364,69
no_change,82.373,57
no_change,82.773,71
no_change,83.177,69
no_change,83.641,59
no_change,83.645,55
no_change,84.286,64
no_change,84.475,55
no_change,84.891,64
no_change,85.316,55
no_change,85.739,45
no_change,86.182,55
no_change,86.816,59
no_change,87.043,64
no_change,87.505,55
no_change,88.261,76
no_change,88.686,59
no_change,88.739,62
no_change,88.789,66
no_change,88.852,74
no_change,89.211,73
no_change,89.577,74
no_change,89.975,64
no_change,90.027,55
no_change,90.077,59
no_change,90.18,79
no_change,90.907,79
no_change,91.352,57
no_change,91.364,71
no_change,91.43,67
no_change,91.941,45
no_change,92.339,74
no_change,92.732,38
no_change,92.825,66
no_change,92.952,74
no_change,93.9,45
no_change,94.436,50
no_change,95.514,57
no_change,96.105,69
no_change,96.107,62
no_change,97.082,65
no_change,97.084,69
no_change,97.586,64
no_change,97.589,62
no_change,98.023,65
no_change,98.025,69
no_change,98.439,70
no_change,98.441,67
no_change,98.891,65
no_change,98.895,62
no_change,99.761,69
no_change,100.209,55
no_change,100.298,70
no_change,100.393,74
no_change,101.168,74
no_change,101.17,70
no_change,101.63,72
no_change,101.634,69
no_change,101.641,60
no_change,102.482,72
no_change,102.484,69
no_change,102.995,67
no_change,102.998,61
no_change,103.92,70
no_change,103.923,67
no_change,104.53,65
no_change,104.532,62
no_change,105.757,50
no_change,106.52,65
no_change,106.982,67
no_change,107.384,69
no_change,107.852,70
no_change,107.857,62
no_change,107.859,55
no_change,108.341,57
no_change,108.795,58
no_change,109.289,60
no_change,109.741,69
no_change,110.152,70
no_change,110.593,57
no_change,110.595,72
no_change,110.605,64
no_change,111.07,58
no_change,111.511,60
no_change,111.918,62
no_change,112.0,65
no_change,112.082,71
no_change,112.527,72
no_change,112.93,74
no_change,113.361,72
no_change,113.366,64
no_change,113.814,69
no_change,114.28,76
no_change,114.768,62
no_change,115.316,68
no_change,115.932,76
no_change,115.945,52
no_change,116.639,60
no_change,116.652,69
no_change,116.664,57
no_change,117.241,61
no_change,117.791,45
no_change,117.982,67
no_change,118.8,50
no_change,118.993,66
no_change,119.864,64
no_change,120.052,62
no_change,120.536,64
no_change,120.55,49
no_change,121.418,57
no_change,121.918,67
no_change,121.92,45
no_change,122.602,66
no_change,122.789,64
no_change,123.243,66
no_change,123.248,50
no_change,123.25,57
no_change,124.068,62
no_change,124.543,69
no_change,124.545,54
no_change,125.164,67
no_change,125.361,66
no_change,125.78,64
no_change,125.786,59
no_change,125.789,55
no_change,126.202,66
no_change,126.609,62
no_change,126.936,47
no_change,126.998,56
no_change,127.066,62
no_change,127.191,64
no_change,127.611,66
no_change,128.002,62
no_change,128.455,64
no_change,128.461,61
no_change,128.918,57
no_change,129.411,45
no_change,129.941,66
no_change,129.943,54
no_change,129.945,50
no_change,130.657,64
no_change,130.857,62
no_change,131.332,64
no_change,131.334,45
no_change,132.234,57
no_change,132.732,57
no_change,132.734,49
no_change,132.736,52
no_change,133.405,66
no_change,133.607,64
no_change,134.045,66
no_change,134.052,50
no_change,135.009,69
no_change,135.377,74
no_change,135.602,55
no_change,135.72,59
no_change,136.107,73
no_change,136.841,71
no_change,137.145,69
no_change,137.152,66
no_change,137.452,57
no_change,137.552,62
no_change,138.252,67
no_change,138.705,66
no_change,139.045,64
no_change,139.159,45
no_change,139.23,55
no_change,139.257,67
no_change,139.268,61
no_change,139.339,64
no_change,139.757,62
no_change,140.2,61
no_change,140.723,62
no_change,140.725,38
no_change,140.73,54
no_change,141.741,45
no_change,142.334,50
no_change,143.502,57
no_change,144.077,66
no_change,144.082,62
no_change,144.961,66
no_change,145.43,64
no_change,145.434,61
no_change,146.234,69
no_change,146.725,66
no_change,146.727,62
no_change,147.639,66
no_change,148.073,64
no_change,148.075,61
no_change,148.495,69
no_change,148.859,64
no_change,149.318,66
no_change,149.32,62
no_change,150.155,61
no_change,150.582,62
no_change,150.584,59
no_change,150.618,64
no_change,150.664,62
no_change,151.082,61
no_change,151.48,62
no_change,151.905,61
no_change,152.341,52
no_change,152.795,45
no_change,153.316,45
no_change,154.136,57
no_change,154.614,67
no_change,154.618,59
no_change,154.62,52
no_change,155.455,67
no_change,155.939,64
no_change,155.95,57
no_change,155.952,61
no_change,156.445,66
no_change,156.857,45
no_change,157.327,66
no_change,157.339,62
no_change,157.343,50
no_change,158.148,66
no_change,158.157,62
no_change,158.625,62
no_change,158.627,55
no_change,159.057,64
no_change,159.566,66
no_change,159.57,52
no_change,160.123,64
no_change,160.127,57
no_change,161.095,64
no_change,161.652,45
no_change,161.786,55
no_change,162.834,62
no_change,163.536,62
no_change,163.548,54
no_change,163.55,38
no_change,164.816,57
no_change,165.445,62
no_change,166.45,57
no_change,166.961,62
no_change,167.977,62
no_change,169.241,67
no_change,184.939,107
no_change,193.557,38
