onset_type,onset_time,pitch
no_change,0.602,47
no_change,0.609,59
no_change,1.257,46
no_change,1.259,61
no_change,1.759,47
no_change,1.798,54
no_change,1.895,62
no_change,2.33,64
no_change,2.455,66
no_change,2.709,66
no_change,2.72,67
no_change,2.755,66
no_change,3.005,64
no_change,3.009,40
no_change,3.011,55
no_change,3.27,62
no_change,3.555,61
no_change,3.83,41
no_change,3.834,56
no_change,4.127,42
no_change,4.132,58
no_change,4.282,54
no_change,4.407,58
no_change,4.509,61
no_change,4.634,54
no_change,4.686,66
no_change,4.811,52
no_change,4.948,50
no_change,5.032,49
no_change,5.214,47
no_change,5.216,50
no_change,5.827,46
no_change,6.305,47
no_change,6.366,54
no_change,6.432,62
no_change,6.895,64
no_change,7.018,66
no_change,7.289,66
no_change,7.593,40
no_change,7.595,59
no_change,7.732,67
no_change,7.864,66
no_change,7.97,64
no_change,8.123,42
no_change,8.127,59
no_change,8.134,62
no_change,8.261,66
no_change,8.402,42
no_change,8.407,61
no_change,8.527,66
no_change,8.718,59
no_change,8.723,47
no_change,9.195,59
no_change,9.309,57
no_change,9.436,55
no_change,9.568,54
no_change,9.686,52
no_change,9.85,50
no_change,9.852,57
no_change,9.855,62
no_change,10.339,45
no_change,10.352,52
no_change,10.432,57
no_change,10.464,61
no_change,10.505,64
no_change,10.964,50
no_change,11.032,57
no_change,11.052,62
no_change,11.111,66
no_change,11.534,67
no_change,11.659,69
no_change,11.948,69
no_change,12.245,47
no_change,12.377,62
no_change,12.38,67
no_change,12.532,45
no_change,12.65,61
no_change,12.802,43
no_change,12.923,64
no_change,12.927,59
no_change,13.055,44
no_change,13.189,59
no_change,13.191,62
no_change,13.318,45
no_change,13.436,57
no_change,13.439,61
no_change,13.57,40
no_change,13.684,56
no_change,13.686,59
no_change,13.859,57
no_change,13.941,45
no_change,13.97,55
no_change,14.111,54
no_change,14.191,52
no_change,14.382,50
no_change,14.848,45
no_change,14.895,52
no_change,14.955,57
no_change,15.0,61
no_change,15.009,64
no_change,15.564,50
no_change,15.566,57
no_change,15.568,62
no_change,15.573,66
no_change,16.03,67
no_change,16.152,69
no_change,16.443,69
no_change,16.686,43
no_change,16.709,55
no_change,16.741,69
no_change,16.868,67
no_change,16.991,59
no_change,17.107,64
no_change,17.27,45
no_change,17.555,61
no_change,17.559,52
no_change,17.561,45
no_change,17.868,50
no_change,17.875,64
no_change,17.877,61
no_change,18.168,45
no_change,18.498,50
no_change,18.5,57
no_change,19.109,59
no_change,19.111,47
no_change,19.745,46
no_change,19.748,54
no_change,19.75,61
no_change,20.17,47
no_change,20.255,54
no_change,20.38,62
no_change,20.83,64
no_change,20.945,66
no_change,21.198,66
no_change,21.22,67
no_change,21.355,66
no_change,21.498,64
no_change,21.505,55
no_change,21.507,40
no_change,21.782,62
no_change,22.039,61
no_change,22.311,41
no_change,22.316,56
no_change,22.609,42
no_change,22.611,58
no_change,22.766,54
no_change,22.87,58
no_change,22.989,61
no_change,23.091,54
no_change,23.155,66
no_change,23.275,52
no_change,23.393,50
no_change,23.511,49
no_change,23.661,47
no_change,23.666,50
no_change,23.668,59
no_change,24.273,46
no_change,24.275,61
no_change,24.741,47
no_change,24.784,54
no_change,24.861,62
no_change,25.273,64
no_change,25.382,66
no_change,25.673,66
no_change,25.95,40
no_change,25.964,69
no_change,25.966,59
no_change,25.968,55
no_change,26.084,67
no_change,26.22,66
no_change,26.309,64
no_change,26.468,42
no_change,26.48,59
no_change,26.486,62
no_change,26.609,66
no_change,26.75,42
no_change,26.757,58
no_change,26.764,61
no_change,26.893,66
no_change,27.1,47
no_change,27.332,59
no_change,27.418,61
no_change,27.505,62
no_change,27.543,61
no_change,27.641,59
no_change,27.745,66
no_change,27.898,59
no_change,28.002,61
no_change,28.03,62
no_change,28.125,61
no_change,28.223,59
no_change,28.341,71
no_change,28.516,59
no_change,28.607,61
no_change,28.682,62
no_change,28.72,61
no_change,28.82,59
no_change,28.923,66
no_change,29.1,59
no_change,29.191,61
no_change,29.259,62
no_change,29.345,61
no_change,29.414,59
no_change,29.534,58
no_change,29.616,61
no_change,29.705,64
no_change,29.759,67
no_change,29.875,66
no_change,29.993,64
no_change,30.123,58
no_change,30.18,61
no_change,30.266,64
no_change,30.389,67
no_change,30.468,66
no_change,30.561,64
no_change,30.686,58
no_change,30.752,61
no_change,30.848,64
no_change,30.966,67
no_change,31.03,66
no_change,31.145,64
no_change,31.273,58
no_change,31.339,61
no_change,31.425,64
no_change,31.548,67
no_change,31.616,66
no_change,31.739,64
no_change,31.889,47
no_change,32.018,59
no_change,32.111,61
no_change,32.214,62
no_change,32.252,61
no_change,32.339,59
no_change,32.461,66
no_change,32.611,59
no_change,32.709,61
no_change,32.775,62
no_change,32.852,61
no_change,32.92,59
no_change,33.055,71
no_change,33.225,59
no_change,33.3,61
no_change,33.382,62
no_change,33.439,61
no_change,33.525,59
no_change,33.634,66
no_change,33.816,59
no_change,33.902,61
no_change,33.97,62
no_change,34.045,61
no_change,34.136,59
no_change,34.255,58
no_change,34.336,61
no_change,34.427,64
no_change,34.489,67
no_change,34.614,66
no_change,34.727,64
no_change,34.85,58
no_change,34.925,61
no_change,35.023,64
no_change,35.132,67
no_change,35.202,66
no_change,35.309,64
no_change,35.436,58
no_change,35.502,61
no_change,35.591,64
no_change,35.714,67
no_change,35.791,66
no_change,35.877,64
no_change,36.009,58
no_change,36.061,61
no_change,36.168,64
no_change,36.286,67
no_change,36.348,66
no_change,36.473,64
no_change,36.645,47
no_change,36.757,59
no_change,36.836,61
no_change,36.945,62
no_change,36.984,61
no_change,37.107,59
no_change,37.248,43
no_change,37.35,59
no_change,37.427,61
no_change,37.53,62
no_change,37.618,61
no_change,37.689,59
no_change,37.825,42
no_change,37.936,59
no_change,38.023,61
no_change,38.111,62
no_change,38.191,61
no_change,38.293,59
no_change,38.42,41
no_change,38.534,59
no_change,38.623,61
no_change,38.734,62
no_change,38.782,61
no_change,38.891,59
no_change,39.03,42
no_change,39.139,59
no_change,39.23,61
no_change,39.325,62
no_change,39.405,61
no_change,39.498,59
no_change,39.627,43
no_change,39.734,59
no_change,39.82,61
no_change,39.927,62
no_change,40.025,61
no_change,40.1,59
no_change,40.243,42
no_change,40.352,59
no_change,40.443,61
no_change,40.548,62
no_change,40.63,61
no_change,40.714,59
no_change,40.839,41
no_change,40.961,59
no_change,41.036,61
no_change,41.15,62
no_change,41.207,61
no_change,41.323,59
no_change,41.477,42
no_change,41.63,59
no_change,41.766,62
no_change,41.77,59
no_change,41.918,59
no_change,42.055,42
no_change,42.186,59
no_change,42.323,62
no_change,42.327,59
no_change,42.47,62
no_change,42.473,59
no_change,42.634,42
no_change,42.752,59
no_change,42.886,59
no_change,42.891,61
no_change,43.039,59
no_change,43.195,42
no_change,43.318,58
no_change,43.32,61
no_change,43.459,58
no_change,43.464,61
no_change,43.584,58
no_change,43.598,61
no_change,43.798,47
no_change,43.986,59
no_change,44.08,61
no_change,44.18,62
no_change,44.23,61
no_change,44.314,59
no_change,44.42,66
no_change,44.577,59
no_change,44.636,61
no_change,44.68,62
no_change,44.782,61
no_change,44.875,59
no_change,45.0,71
no_change,45.155,59
no_change,45.248,61
no_change,45.309,62
no_change,45.382,61
no_change,45.461,59
no_change,45.568,66
no_change,45.743,59
no_change,45.836,61
no_change,45.907,62
no_change,45.97,61
no_change,46.077,59
no_change,46.195,58
no_change,46.273,61
no_change,46.361,64
no_change,46.486,67
no_change,46.57,66
no_change,46.668,64
no_change,46.795,58
no_change,46.859,61
no_change,46.952,64
no_change,47.08,67
no_change,47.148,66
no_change,47.255,64
no_change,47.38,58
no_change,47.461,61
no_change,47.552,64
no_change,47.686,67
no_change,47.748,66
no_change,47.864,64
no_change,47.993,58
no_change,48.055,61
no_change,48.136,64
no_change,48.268,67
no_change,48.336,66
no_change,48.457,64
no_change,48.609,47
no_change,48.725,59
no_change,48.811,61
no_change,48.911,62
no_change,48.982,61
no_change,49.048,59
no_change,49.184,66
no_change,49.318,59
no_change,49.377,61
no_change,49.477,62
no_change,49.566,61
no_change,49.634,59
no_change,49.768,71
no_change,49.934,59
no_change,50.03,61
no_change,50.086,62
no_change,50.143,61
no_change,50.25,59
no_change,50.361,66
no_change,50.536,59
no_change,50.614,61
no_change,50.709,62
no_change,50.764,61
no_change,50.87,59
no_change,50.984,58
no_change,51.066,61
no_change,51.164,64
no_change,51.198,67
no_change,51.339,66
no_change,51.473,64
no_change,51.593,58
no_change,51.657,61
no_change,51.748,64
no_change,51.875,67
no_change,51.966,66
no_change,52.066,64
no_change,52.184,58
no_change,52.261,61
no_change,52.35,64
no_change,52.468,67
no_change,52.541,66
no_change,52.659,64
no_change,52.764,58
no_change,52.845,61
no_change,52.934,64
no_change,53.061,67
no_change,53.182,66
no_change,53.264,64
no_change,53.373,47
no_change,53.5,59
no_change,53.6,61
no_change,53.698,62
no_change,53.759,61
no_change,53.843,59
no_change,53.993,43
no_change,54.102,59
no_change,54.191,61
no_change,54.298,62
no_change,54.366,61
no_change,54.459,59
no_change,54.609,42
no_change,54.72,59
no_change,54.814,61
no_change,54.916,62
no_change,54.982,61
no_change,55.095,59
no_change,55.227,41
no_change,55.359,59
no_change,55.445,61
no_change,55.557,62
no_change,55.6,61
no_change,55.716,59
no_change,55.848,42
no_change,55.982,59
no_change,56.093,61
no_change,56.175,62
no_change,56.284,61
no_change,56.373,59
no_change,56.527,43
no_change,56.63,59
no_change,56.668,61
no_change,56.745,62
no_change,56.866,61
no_change,56.993,59
no_change,57.123,42
no_change,57.232,59
no_change,57.325,61
no_change,57.434,62
no_change,57.482,61
no_change,57.607,59
no_change,57.745,41
no_change,57.873,59
no_change,57.948,61
no_change,58.068,62
no_change,58.148,61
no_change,58.248,59
no_change,58.405,42
no_change,58.55,59
no_change,58.552,62
no_change,58.702,62
no_change,58.705,59
no_change,58.852,62
no_change,58.855,59
no_change,59.009,42
no_change,59.145,62
no_change,59.148,59
no_change,59.286,59
no_change,59.434,59
no_change,59.584,42
no_change,59.716,59
no_change,59.864,59
no_change,60.002,61
no_change,60.005,59
no_change,60.164,42
no_change,60.286,58
no_change,60.434,58
no_change,60.436,61
no_change,60.568,61
no_change,60.573,58
no_change,60.795,47
no_change,60.798,50
no_change,60.8,59
no_change,61.455,46
no_change,61.457,54
no_change,61.834,91
no_change,61.932,47
no_change,61.975,54
no_change,62.082,62
no_change,62.605,64
no_change,62.743,66
no_change,63.336,40
no_change,63.343,59
no_change,63.345,67
no_change,64.011,42
no_change,64.014,52
no_change,64.718,59
no_change,64.72,47
no_change,65.936,62
no_change,65.939,59
no_change,66.18,62
no_change,66.182,66
no_change,66.184,59
no_change,67.6,47
no_change,67.605,50
no_change,67.961,47
no_change,67.964,50
no_change,67.966,59
