mutation_name,category,detected_errors,located_errors,total_errors_introduced,total_errors_analyzed,midi_id
note_not_expected,note,True,False,1,8,Acordai-110
note_not_expected,note,True,False,1,17,BlessedMessiahAndTheTowerOfAI
note_not_expected,note,True,False,1,5,Eres_TÃº_Mocedades
note_not_expected,note,True,False,1,4,Nokia
