onset_type,onset_time,pitch
no_change,3.591,62
no_change,3.791,69
no_change,4.057,74
no_change,4.968,72
no_change,5.323,70
no_change,5.568,69
no_change,5.795,70
no_change,5.991,69
no_change,6.182,67
no_change,6.368,65
no_change,6.557,67
no_change,6.773,65
no_change,6.98,64
no_change,7.207,62
no_change,7.505,45
no_change,7.668,61
no_change,8.068,52
no_change,8.35,57
no_change,8.573,59
no_change,8.807,61
no_change,9.025,62
no_change,9.341,64
no_change,9.673,55
no_change,10.014,53
no_change,10.339,52
no_change,10.341,61
no_change,10.575,62
no_change,10.577,53
no_change,10.775,64
no_change,10.777,52
no_change,11.0,65
no_change,11.009,50
no_change,11.264,48
no_change,11.475,50
no_change,11.477,57
no_change,11.716,48
no_change,11.948,47
no_change,11.95,62
no_change,12.182,45
no_change,12.539,44
no_change,12.745,64
no_change,13.195,59
no_change,13.493,42
no_change,13.734,44
no_change,13.943,45
no_change,14.223,47
no_change,14.543,56
no_change,14.809,48
no_change,14.814,57
no_change,15.036,50
no_change,15.277,52
no_change,15.28,60
no_change,15.514,59
no_change,15.748,53
no_change,15.977,52
no_change,16.189,62
no_change,16.191,53
no_change,16.459,55
no_change,16.741,57
no_change,17.007,55
no_change,17.302,54
no_change,17.677,57
no_change,17.957,62
no_change,17.959,52
no_change,18.202,60
no_change,18.418,54
no_change,18.659,57
no_change,19.055,55
no_change,19.057,58
no_change,19.427,62
no_change,19.725,43
no_change,19.93,69
no_change,20.15,67
no_change,20.155,46
no_change,20.38,65
no_change,20.652,48
no_change,20.864,64
no_change,21.207,55
no_change,21.507,60
no_change,21.782,58
no_change,21.995,64
no_change,21.998,57
no_change,22.259,55
no_change,22.555,57
no_change,22.557,65
no_change,22.836,64
no_change,23.086,58
no_change,23.091,64
no_change,23.133,85
no_change,23.291,65
no_change,23.543,62
no_change,23.548,56
no_change,23.8,64
no_change,24.125,57
no_change,24.498,69
no_change,24.78,52
no_change,25.032,69
no_change,25.257,50
no_change,25.48,67
no_change,25.777,49
no_change,25.782,64
no_change,26.118,70
no_change,26.343,69
no_change,26.448,50
no_change,26.691,52
no_change,26.693,67
no_change,26.916,65
no_change,26.918,53
no_change,27.148,64
no_change,27.152,55
no_change,27.514,57
no_change,27.516,62
no_change,27.816,58
no_change,28.057,57
no_change,28.286,55
no_change,28.295,64
no_change,28.748,57
no_change,28.752,61
no_change,29.561,62
no_change,29.984,50
no_change,30.309,62
no_change,30.789,69
no_change,31.245,74
no_change,31.573,52
no_change,31.839,53
no_change,32.08,55
no_change,32.477,57
no_change,32.875,72
no_change,33.155,55
no_change,33.409,69
no_change,33.65,70
no_change,33.655,53
no_change,33.87,69
no_change,34.114,52
no_change,34.116,67
no_change,34.339,65
no_change,34.568,50
no_change,34.575,67
no_change,34.814,65
no_change,35.027,64
no_change,35.032,46
no_change,35.305,62
no_change,35.664,45
no_change,35.864,61
no_change,36.223,52
no_change,36.602,57
no_change,36.868,59
no_change,37.13,61
no_change,37.368,62
no_change,37.682,64
no_change,37.989,55
no_change,38.339,62
no_change,38.341,53
no_change,38.648,61
no_change,38.889,52
no_change,39.118,64
no_change,39.341,65
no_change,39.343,50
no_change,39.62,52
no_change,39.845,64
no_change,39.85,53
no_change,40.109,62
no_change,40.407,50
no_change,40.743,65
no_change,41.036,52
no_change,41.318,55
no_change,41.55,60
no_change,41.805,64
no_change,42.082,65
no_change,42.086,58
no_change,42.361,67
no_change,42.639,57
no_change,42.948,72
no_change,43.195,55
no_change,43.198,70
no_change,43.436,72
no_change,43.661,69
no_change,43.664,53
no_change,43.88,72
no_change,44.175,52
no_change,44.33,67
no_change,44.67,60
no_change,44.927,58
no_change,45.141,60
no_change,45.391,65
no_change,45.395,57
no_change,45.668,60
no_change,46.007,55
no_change,46.457,72
no_change,46.659,72
no_change,46.661,57
no_change,46.927,74
no_change,47.168,55
no_change,47.175,70
no_change,47.43,74
no_change,47.677,69
no_change,47.682,54
no_change,48.023,62
no_change,48.291,60
no_change,48.505,62
no_change,48.809,58
no_change,49.08,62
no_change,49.436,66
no_change,49.439,57
no_change,49.759,75
no_change,50.082,74
no_change,50.084,54
no_change,50.359,75
no_change,50.591,72
no_change,50.595,57
no_change,50.85,74
no_change,51.132,55
no_change,51.309,70
no_change,51.648,67
no_change,51.911,65
no_change,51.914,71
no_change,52.209,67
no_change,52.461,63
no_change,52.464,72
no_change,52.741,67
no_change,52.993,74
no_change,52.995,62
no_change,53.284,67
no_change,53.62,75
no_change,53.625,60
no_change,53.984,67
no_change,54.25,57
no_change,54.52,65
no_change,54.766,58
no_change,55.027,65
no_change,55.268,55
no_change,55.273,70
no_change,55.525,63
no_change,55.786,57
no_change,56.07,64
no_change,56.282,69
no_change,56.284,53
no_change,56.552,62
no_change,56.807,55
no_change,57.061,62
no_change,57.309,51
no_change,57.623,62
no_change,57.873,50
no_change,58.086,66
no_change,58.448,60
no_change,58.673,58
no_change,58.9,57
no_change,59.184,50
no_change,59.452,55
no_change,59.755,54
no_change,59.936,69
no_change,60.245,63
no_change,60.459,62
no_change,60.68,60
no_change,60.984,58
no_change,60.989,50
no_change,61.302,57
no_change,61.568,51
no_change,61.57,67
no_change,61.877,55
no_change,62.198,57
no_change,62.402,58
no_change,62.632,50
no_change,62.634,60
no_change,62.636,65
no_change,62.92,59
no_change,63.2,58
no_change,63.202,48
no_change,63.475,57
no_change,63.702,47
no_change,63.705,57
no_change,63.709,62
no_change,63.916,56
no_change,64.245,40
no_change,64.593,62
no_change,64.595,56
no_change,64.918,45
no_change,65.182,60
no_change,65.184,57
no_change,65.648,64
no_change,66.048,69
no_change,66.259,67
no_change,66.45,65
no_change,66.625,64
no_change,67.007,65
no_change,67.361,45
no_change,67.625,50
no_change,67.841,48
no_change,68.016,47
no_change,68.225,45
no_change,68.518,44
no_change,68.857,59
no_change,69.134,64
no_change,69.305,62
no_change,69.516,40
no_change,69.793,59
no_change,70.057,45
no_change,70.261,57
no_change,70.602,60
no_change,70.852,64
no_change,71.068,69
no_change,71.364,59
no_change,71.366,45
no_change,71.684,71
no_change,71.957,69
no_change,71.964,64
no_change,71.966,45
no_change,72.28,64
no_change,72.566,69
no_change,72.568,64
no_change,72.57,60
no_change,72.859,72
no_change,73.12,45
no_change,73.123,62
no_change,73.391,74
no_change,73.668,45
no_change,73.745,60
no_change,73.77,64
no_change,73.841,72
no_change,74.148,69
no_change,74.452,71
no_change,74.473,45
no_change,74.809,59
no_change,74.811,62
no_change,75.143,69
no_change,75.145,64
no_change,75.15,45
no_change,75.427,64
no_change,75.727,45
no_change,75.73,62
no_change,76.041,62
no_change,76.318,57
no_change,76.339,64
no_change,76.341,45
no_change,76.668,60
no_change,76.982,40
no_change,77.061,52
no_change,77.091,56
no_change,77.161,62
no_change,77.552,59
no_change,77.968,45
no_change,78.182,61
no_change,78.607,52
no_change,78.898,57
no_change,79.145,55
no_change,79.148,61
no_change,79.414,62
no_change,79.416,53
no_change,79.616,64
no_change,79.62,52
no_change,79.875,50
no_change,80.148,48
no_change,80.37,46
no_change,80.623,62
no_change,80.902,45
no_change,81.152,61
no_change,81.452,46
no_change,81.689,62
no_change,81.995,50
no_change,82.227,55
no_change,82.391,53
no_change,82.702,65
no_change,82.707,52
no_change,82.957,50
no_change,83.252,49
no_change,83.43,64
no_change,83.745,52
no_change,84.016,57
no_change,84.23,55
no_change,84.475,53
no_change,84.477,61
no_change,84.736,52
no_change,85.084,53
no_change,85.359,52
no_change,85.361,64
no_change,85.607,50
no_change,85.611,65
no_change,85.914,60
no_change,86.18,58
no_change,86.461,57
no_change,86.789,67
no_change,86.834,55
no_change,87.111,69
no_change,87.48,70
no_change,87.766,53
no_change,87.991,52
no_change,88.202,50
no_change,88.507,49
no_change,88.691,69
no_change,89.025,52
no_change,89.389,57
no_change,89.623,67
no_change,89.859,65
no_change,89.866,45
no_change,90.111,64
no_change,90.409,50
no_change,90.652,65
no_change,90.989,57
no_change,91.325,62
no_change,91.539,60
no_change,91.741,58
no_change,91.95,57
no_change,92.202,50
no_change,92.525,57
no_change,92.777,55
no_change,93.052,57
no_change,93.495,58
no_change,94.048,55
no_change,95.232,50
no_change,95.345,57
no_change,95.527,66
