onset_type,onset_time,pitch
no_change,7.457,40
no_change,9.52,42
no_change,10.57,43
no_change,12.727,42
no_change,13.636,43
no_change,14.641,45
no_change,15.57,42
no_change,16.586,47
no_change,18.736,48
no_change,19.739,45
no_change,21.884,47
no_change,22.909,43
no_change,23.957,45
no_change,24.925,42
no_change,25.955,43
no_change,27.005,40
no_change,28.048,39
no_change,29.118,40
no_change,30.182,42
no_change,31.355,39
no_change,32.75,40
no_change,33.373,52
no_change,33.907,55
no_change,34.452,60
no_change,34.993,42
no_change,35.575,51
no_change,36.134,43
no_change,36.693,52
no_change,37.195,59
no_change,37.761,64
no_change,38.307,42
no_change,38.936,57
no_change,39.532,43
no_change,39.534,64
no_change,40.068,59
no_change,40.541,45
no_change,41.025,60
no_change,41.507,42
no_change,42.036,62
no_change,42.591,47
no_change,42.593,55
no_change,43.307,54
no_change,43.807,55
no_change,44.339,60
no_change,44.884,48
no_change,44.889,52
no_change,45.523,57
no_change,46.068,45
no_change,46.723,54
no_change,47.284,52
no_change,47.725,54
no_change,48.227,47
no_change,48.859,55
no_change,49.398,43
no_change,49.4,52
no_change,50.043,59
no_change,50.502,45
no_change,50.97,60
no_change,51.423,42
no_change,51.88,51
no_change,52.334,59
no_change,52.336,43
no_change,52.825,52
no_change,53.291,40
no_change,53.752,64
no_change,54.3,39
no_change,54.302,66
no_change,54.968,59
no_change,55.502,67
no_change,55.505,40
no_change,56.05,59
no_change,56.57,42
no_change,57.075,60
no_change,57.652,39
no_change,57.655,54
no_change,58.361,59
no_change,58.993,40
no_change,59.557,52
no_change,59.73,54
no_change,59.973,55
no_change,60.505,64
no_change,60.991,42
no_change,60.993,57
no_change,61.482,59
no_change,61.668,60
no_change,61.941,43
no_change,62.545,64
no_change,62.993,52
no_change,63.436,60
no_change,63.639,59
no_change,63.907,57
no_change,63.909,42
no_change,64.377,59
no_change,64.6,60
no_change,64.9,43
no_change,65.402,64
no_change,65.609,62
no_change,65.789,45
no_change,65.914,62
no_change,66.23,60
no_change,66.407,57
no_change,66.573,55
no_change,66.802,57
no_change,66.805,42
no_change,67.257,62
no_change,67.466,60
no_change,67.655,47
no_change,67.875,62
no_change,68.541,55
no_change,68.761,54
no_change,68.961,55
no_change,69.418,50
no_change,69.918,48
no_change,70.475,57
no_change,70.698,55
no_change,70.984,45
no_change,71.55,50
no_change,71.739,52
no_change,71.966,54
no_change,72.393,55
no_change,72.595,57
no_change,72.868,47
no_change,72.87,55
no_change,73.423,62
no_change,73.625,59
no_change,73.955,64
no_change,73.959,43
no_change,74.43,52
no_change,74.832,54
no_change,74.834,45
no_change,75.257,60
no_change,75.436,57
no_change,75.648,62
no_change,75.655,42
no_change,76.084,50
no_change,76.48,43
no_change,76.907,59
no_change,77.075,55
no_change,77.289,40
no_change,77.291,60
no_change,77.72,48
no_change,78.13,39
no_change,78.132,54
no_change,78.393,60
no_change,78.591,59
no_change,78.791,57
no_change,78.984,40
no_change,78.986,55
no_change,79.532,47
no_change,79.907,45
no_change,79.909,42
no_change,80.102,47
no_change,80.314,48
no_change,80.748,47
no_change,80.75,39
no_change,81.325,59
no_change,81.914,40
no_change,82.611,47
no_change,82.616,55
no_change,83.1,52
no_change,83.105,59
no_change,83.543,64
no_change,83.545,55
no_change,83.964,64
no_change,83.966,42
no_change,84.386,57
no_change,84.389,52
no_change,84.793,43
no_change,84.795,59
no_change,85.22,71
no_change,85.395,69
no_change,85.616,64
no_change,86.091,64
no_change,86.098,59
no_change,86.559,42
no_change,86.561,51
no_change,86.564,59
no_change,87.091,63
no_change,87.093,71
no_change,87.516,64
no_change,87.523,43
no_change,87.95,64
no_change,87.955,71
no_change,88.357,64
no_change,88.359,60
no_change,88.361,45
no_change,88.784,64
no_change,88.786,71
no_change,89.173,64
no_change,89.175,60
no_change,89.177,42
no_change,89.602,64
no_change,89.605,60
no_change,90.034,47
no_change,90.509,63
no_change,90.511,69
no_change,90.909,57
no_change,91.323,63
no_change,91.77,64
no_change,91.78,59
no_change,91.784,48
no_change,92.307,64
no_change,92.309,59
no_change,92.786,64
no_change,92.791,60
no_change,92.793,45
no_change,93.48,60
no_change,93.923,60
no_change,94.332,64
no_change,94.334,60
no_change,94.743,47
no_change,94.745,63
no_change,95.161,64
no_change,95.334,66
no_change,95.545,64
no_change,95.548,43
no_change,95.552,59
no_change,95.955,59
no_change,95.959,52
no_change,96.361,45
no_change,96.755,52
no_change,97.168,42
no_change,97.17,57
no_change,97.557,51
no_change,97.559,59
no_change,97.961,52
no_change,97.964,43
no_change,98.377,64
no_change,98.38,59
no_change,98.798,52
no_change,98.8,59
no_change,98.805,67
no_change,99.202,64
no_change,99.22,67
no_change,99.652,51
no_change,99.655,66
no_change,100.095,59
no_change,100.12,66
no_change,100.511,52
no_change,100.557,59
no_change,100.62,67
no_change,100.964,66
no_change,101.15,64
no_change,101.366,64
no_change,101.368,54
no_change,101.825,62
no_change,102.03,60
no_change,102.332,51
no_change,102.334,54
no_change,102.336,59
no_change,102.952,60
no_change,103.277,57
no_change,103.664,40
no_change,103.916,55
no_change,104.264,64
no_change,104.405,64
no_change,104.534,64
no_change,104.625,52
no_change,104.73,64
no_change,104.92,64
no_change,104.964,64
no_change,105.139,59
no_change,105.293,64
no_change,105.425,64
no_change,105.534,64
no_change,105.793,52
no_change,105.907,64
no_change,106.216,64
no_change,106.252,64
no_change,106.443,57
no_change,106.445,42
no_change,106.639,64
no_change,106.718,64
no_change,106.736,64
no_change,106.827,52
no_change,106.955,64
no_change,107.052,64
no_change,107.243,64
no_change,107.27,43
no_change,107.425,64
no_change,107.516,64
no_change,107.536,64
no_change,107.627,60
no_change,107.739,64
no_change,107.868,64
no_change,107.939,64
no_change,108.05,59
no_change,108.2,64
no_change,108.225,64
no_change,108.375,64
no_change,108.48,52
no_change,108.607,64
no_change,108.741,64
no_change,108.757,64
no_change,108.925,42
no_change,109.05,64
no_change,109.18,64
no_change,109.284,64
no_change,109.443,52
no_change,109.561,64
no_change,109.575,64
no_change,109.705,64
no_change,109.834,43
no_change,109.973,64
no_change,110.082,64
no_change,110.116,64
no_change,110.277,52
no_change,110.391,64
no_change,110.482,64
no_change,110.534,64
no_change,110.691,45
no_change,110.82,64
no_change,110.92,64
no_change,110.975,64
no_change,111.111,52
no_change,111.211,64
no_change,111.302,64
no_change,111.364,64
no_change,111.525,42
no_change,111.527,57
no_change,111.666,64
no_change,111.77,64
no_change,111.825,64
no_change,111.964,52
no_change,112.068,64
no_change,112.23,64
no_change,112.275,64
no_change,112.439,47
no_change,112.448,55
no_change,112.559,64
no_change,112.639,64
no_change,112.882,64
no_change,112.989,54
no_change,113.1,64
no_change,113.205,64
no_change,113.273,64
no_change,113.395,55
no_change,113.491,64
no_change,113.557,64
no_change,113.745,64
no_change,113.875,52
no_change,113.998,64
no_change,114.102,64
no_change,114.168,64
no_change,114.364,48
no_change,114.389,55
no_change,114.52,64
no_change,114.593,64
no_change,114.661,64
no_change,114.945,52
no_change,115.061,64
no_change,115.139,64
no_change,115.173,64
no_change,115.3,60
no_change,115.318,45
no_change,115.402,64
no_change,115.489,64
no_change,115.698,64
no_change,115.818,52
no_change,115.945,64
no_change,116.025,64
no_change,116.268,64
no_change,116.302,54
no_change,116.536,64
no_change,116.655,64
no_change,116.961,64
no_change,117.164,52
no_change,117.302,64
no_change,117.42,64
no_change,117.455,64
no_change,117.618,47
no_change,117.625,55
no_change,117.786,64
no_change,117.918,64
no_change,117.943,64
no_change,118.111,52
no_change,118.234,64
no_change,118.311,64
no_change,118.364,64
no_change,118.545,43
no_change,118.548,59
no_change,118.684,64
no_change,118.775,64
no_change,118.798,64
no_change,118.955,60
no_change,119.077,64
no_change,119.18,64
no_change,119.207,64
no_change,119.366,60
no_change,119.368,45
no_change,119.495,64
no_change,119.532,64
no_change,119.65,64
no_change,119.802,52
no_change,119.918,64
no_change,119.989,64
no_change,120.032,64
no_change,120.189,42
no_change,120.191,57
no_change,120.295,64
no_change,120.359,64
no_change,120.457,64
no_change,120.575,60
no_change,120.689,64
no_change,120.764,64
no_change,120.818,64
no_change,120.982,59
no_change,120.984,43
no_change,121.125,64
no_change,121.148,64
no_change,121.327,64
no_change,121.464,52
no_change,121.58,64
no_change,121.598,64
no_change,121.698,64
no_change,121.873,40
no_change,121.875,55
no_change,121.984,64
no_change,122.045,64
no_change,122.145,64
no_change,122.264,52
no_change,122.377,64
no_change,122.477,64
no_change,122.516,64
no_change,122.693,39
no_change,122.705,54
no_change,122.775,60
no_change,122.893,59
no_change,122.952,57
no_change,123.041,59
no_change,123.045,39
no_change,123.15,57
no_change,123.214,55
no_change,123.357,54
no_change,123.48,40
no_change,123.482,55
no_change,123.611,52
no_change,123.668,55
no_change,123.78,59
no_change,123.911,60
no_change,123.998,59
no_change,124.075,60
no_change,124.168,55
no_change,124.286,42
no_change,124.411,52
no_change,124.45,57
no_change,124.559,59
no_change,124.716,60
no_change,124.789,59
no_change,124.873,60
no_change,125.009,57
no_change,125.091,51
no_change,125.095,54
no_change,125.22,60
no_change,125.323,59
no_change,125.38,57
no_change,125.516,59
no_change,125.586,57
no_change,125.693,55
no_change,125.761,54
no_change,125.939,55
no_change,125.941,52
no_change,126.37,43
no_change,126.559,51
no_change,126.561,42
no_change,126.78,43
no_change,127.164,52
no_change,127.166,44
no_change,127.357,45
no_change,127.359,54
no_change,127.584,47
no_change,127.98,48
no_change,127.984,57
no_change,128.182,50
no_change,128.191,59
no_change,128.452,57
no_change,129.007,55
no_change,129.37,53
no_change,129.745,52
no_change,130.125,50
no_change,130.486,52
no_change,130.925,60
no_change,131.418,55
no_change,131.85,53
no_change,132.232,52
no_change,132.62,53
no_change,132.623,59
no_change,133.039,50
no_change,133.439,52
no_change,133.441,60
no_change,133.861,57
no_change,134.03,55
no_change,134.211,53
no_change,134.214,62
no_change,134.625,50
no_change,135.023,59
no_change,135.03,56
no_change,135.407,50
no_change,135.861,64
no_change,135.864,48
no_change,136.395,45
no_change,136.761,47
no_change,137.148,48
no_change,137.532,50
no_change,137.541,65
no_change,137.934,47
no_change,138.352,53
no_change,138.861,60
no_change,139.264,59
no_change,139.627,57
no_change,140.057,56
no_change,140.466,54
no_change,140.63,56
no_change,140.859,57
no_change,140.868,60
no_change,141.28,55
no_change,141.677,53
no_change,141.682,62
no_change,142.095,52
no_change,142.509,59
no_change,142.511,50
no_change,142.882,53
no_change,143.291,52
no_change,143.677,53
no_change,144.086,57
no_change,144.507,53
no_change,144.875,56
no_change,144.877,52
no_change,145.273,47
no_change,145.668,48
no_change,146.066,53
no_change,146.495,52
no_change,146.498,59
no_change,146.886,50
no_change,147.323,48
no_change,147.325,56
no_change,147.818,47
no_change,148.318,48
no_change,148.516,63
no_change,148.709,64
no_change,149.123,47
no_change,149.125,55
no_change,149.534,64
no_change,149.927,45
no_change,149.93,54
no_change,150.136,63
no_change,150.339,64
no_change,150.725,43
no_change,151.123,45
no_change,151.125,60
no_change,151.302,43
no_change,151.305,59
no_change,151.477,48
no_change,151.67,47
no_change,151.868,45
no_change,152.05,43
no_change,152.055,52
no_change,152.3,42
no_change,152.305,51
no_change,152.541,49
no_change,152.823,51
no_change,152.825,47
no_change,153.427,52
no_change,153.432,40
no_change,154.305,64
no_change,155.027,63
no_change,155.459,62
no_change,155.907,42
no_change,155.909,61
no_change,156.309,60
no_change,156.72,60
no_change,156.725,43
no_change,157.189,58
no_change,157.691,52
no_change,157.695,59
no_change,158.225,64
no_change,158.761,63
no_change,158.766,57
no_change,158.77,42
no_change,159.332,62
no_change,159.83,43
no_change,160.334,60
no_change,160.727,60
no_change,160.73,54
no_change,160.734,45
no_change,161.141,59
no_change,161.559,42
no_change,161.561,51
no_change,162.011,66
no_change,162.407,47
no_change,162.511,63
no_change,162.618,66
no_change,163.173,64
no_change,163.175,59
no_change,163.55,58
no_change,163.936,57
no_change,164.293,48
no_change,164.375,56
no_change,164.5,64
no_change,164.952,55
no_change,165.425,45
no_change,165.432,56
no_change,165.943,55
no_change,166.318,54
no_change,166.73,53
no_change,167.205,47
no_change,167.207,63
no_change,167.209,58
no_change,167.768,57
no_change,168.364,64
no_change,168.368,43
no_change,168.37,59
no_change,169.1,71
no_change,169.636,65
no_change,169.643,45
no_change,170.177,64
no_change,170.623,42
no_change,171.048,63
no_change,171.448,66
no_change,171.45,59
no_change,171.452,43
no_change,171.891,64
no_change,172.289,52
no_change,172.693,59
no_change,173.161,58
no_change,173.17,51
no_change,173.673,57
no_change,174.111,52
no_change,174.114,59
no_change,174.545,60
no_change,174.986,57
no_change,174.991,54
no_change,175.486,63
no_change,176.002,51
no_change,176.005,59
no_change,176.63,66
no_change,177.209,52
no_change,177.282,59
no_change,177.386,67
no_change,178.016,72
no_change,178.22,71
no_change,178.473,40
no_change,178.475,69
no_change,178.677,67
no_change,178.88,66
no_change,179.068,64
no_change,179.248,57
no_change,179.275,42
no_change,179.277,64
no_change,179.495,63
no_change,179.736,62
no_change,179.98,63
no_change,180.23,43
no_change,180.314,59
no_change,180.414,66
no_change,180.836,64
no_change,181.052,63
no_change,181.241,64
no_change,181.441,71
no_change,181.618,64
no_change,181.814,63
no_change,181.966,64
no_change,182.2,42
no_change,182.205,57
no_change,182.207,60
no_change,182.427,63
no_change,182.627,64
no_change,182.836,66
no_change,183.12,64
no_change,183.123,43
no_change,183.125,59
no_change,183.45,71
no_change,183.645,69
no_change,183.827,67
no_change,184.025,67
no_change,184.027,60
no_change,184.03,45
no_change,184.232,65
no_change,184.455,64
no_change,184.67,65
no_change,184.92,62
no_change,184.939,42
no_change,185.264,69
no_change,185.48,67
no_change,185.652,66
no_change,185.93,47
no_change,185.975,57
no_change,186.109,64
no_change,186.532,62
no_change,186.739,63
no_change,186.939,66
no_change,187.15,57
no_change,187.339,60
no_change,187.525,59
no_change,187.723,57
no_change,187.939,48
no_change,188.009,57
no_change,188.093,64
no_change,188.536,55
no_change,188.789,54
no_change,188.973,55
no_change,189.209,45
no_change,189.211,52
no_change,189.42,54
no_change,189.627,55
no_change,189.793,57
no_change,189.995,59
no_change,190.184,57
no_change,190.4,59
no_change,190.591,60
no_change,190.83,47
no_change,190.839,63
no_change,191.17,66
no_change,191.384,64
no_change,191.623,63
no_change,191.939,64
no_change,191.941,43
no_change,191.943,59
no_change,192.277,63
no_change,192.482,64
no_change,192.677,67
no_change,192.877,64
no_change,192.882,60
no_change,192.884,45
no_change,193.08,63
no_change,193.261,64
no_change,193.457,67
no_change,193.695,64
no_change,193.698,42
no_change,194.018,59
no_change,194.2,60
no_change,194.37,57
no_change,194.568,43
no_change,194.573,59
no_change,194.78,63
no_change,194.966,64
no_change,195.145,71
no_change,195.307,72
no_change,195.323,52
no_change,195.325,57
no_change,195.564,67
no_change,195.745,66
no_change,195.911,64
no_change,196.084,51
no_change,196.15,66
no_change,196.218,71
no_change,196.525,69
no_change,196.714,67
no_change,196.882,66
no_change,197.095,67
no_change,197.098,52
no_change,197.302,62
no_change,197.482,60
no_change,197.641,59
no_change,197.864,54
no_change,197.866,60
no_change,197.868,57
no_change,198.052,55
no_change,198.248,54
no_change,198.418,52
no_change,198.611,51
no_change,198.702,54
no_change,198.793,59
no_change,199.145,57
no_change,199.343,55
no_change,199.502,54
no_change,199.757,52
no_change,200.384,51
no_change,200.573,49
no_change,200.764,51
no_change,201.161,49
no_change,201.348,47
no_change,201.57,54
no_change,201.573,49
no_change,201.97,47
no_change,202.141,45
no_change,202.395,56
no_change,202.964,52
no_change,203.152,51
no_change,203.359,52
no_change,203.782,51
no_change,203.964,49
no_change,204.175,51
no_change,204.177,54
no_change,204.561,49
no_change,204.743,47
no_change,204.982,56
no_change,205.195,54
no_change,205.45,52
no_change,205.777,54
no_change,206.209,52
no_change,206.391,51
no_change,206.607,52
no_change,206.609,54
no_change,207.016,51
no_change,207.205,49
no_change,207.432,59
no_change,208.016,57
no_change,208.205,56
no_change,208.407,57
no_change,208.809,56
no_change,208.991,54
no_change,209.205,56
no_change,209.207,61
no_change,209.593,54
no_change,209.777,52
no_change,209.998,57
no_change,210.555,56
no_change,210.757,54
no_change,210.964,56
no_change,211.336,54
no_change,211.527,52
no_change,211.745,51
no_change,211.748,59
no_change,212.157,49
no_change,212.339,51
no_change,212.584,52
no_change,212.995,51
no_change,213.17,49
no_change,213.364,51
no_change,213.566,49
no_change,213.768,47
no_change,214.157,54
no_change,214.161,49
no_change,214.575,47
no_change,214.764,45
no_change,215.007,47
no_change,215.009,56
no_change,215.525,40
no_change,215.766,42
no_change,215.936,44
no_change,216.009,52
no_change,216.22,45
no_change,216.391,47
no_change,216.6,49
no_change,216.816,47
no_change,217.209,45
no_change,217.398,47
no_change,217.63,49
no_change,218.048,47
no_change,218.236,45
no_change,218.475,47
no_change,218.477,54
no_change,218.884,45
no_change,219.127,44
no_change,219.389,45
no_change,219.905,44
no_change,220.184,42
no_change,220.512,84
no_change,220.57,40
no_change,221.17,67
no_change,221.173,59
no_change,221.37,66
no_change,221.373,57
no_change,221.564,59
no_change,221.57,67
no_change,221.975,64
no_change,221.98,55
no_change,222.173,63
no_change,222.182,54
no_change,222.339,55
no_change,222.361,64
no_change,222.568,42
no_change,222.755,57
no_change,222.948,63
no_change,222.955,59
no_change,223.1,57
no_change,223.127,64
no_change,223.32,43
no_change,223.505,64
no_change,223.511,59
no_change,223.698,63
no_change,223.702,59
no_change,223.884,64
no_change,223.889,59
no_change,224.298,64
no_change,224.3,60
no_change,224.48,63
no_change,224.482,60
no_change,224.668,60
no_change,224.87,42
no_change,225.057,59
no_change,225.252,63
no_change,225.257,71
no_change,225.445,59
no_change,225.466,69
no_change,225.666,43
no_change,225.893,64
no_change,225.898,71
no_change,226.091,55
no_change,226.282,64
no_change,226.284,59
no_change,226.475,45
no_change,226.648,64
no_change,226.652,72
no_change,226.85,60
no_change,227.045,60
no_change,227.048,69
no_change,227.241,42
no_change,227.443,69
no_change,227.448,62
no_change,227.673,57
no_change,227.675,61
no_change,227.907,57
no_change,227.909,62
no_change,228.155,66
no_change,228.157,62
no_change,228.159,47
no_change,228.514,64
no_change,228.516,67
no_change,228.77,55
no_change,228.961,62
no_change,228.966,67
no_change,229.155,55
no_change,229.327,62
no_change,229.332,67
no_change,229.518,66
no_change,229.52,62
no_change,229.725,62
no_change,229.727,67
no_change,229.966,48
no_change,230.341,64
no_change,230.343,55
no_change,230.548,63
no_change,230.55,54
no_change,230.725,64
no_change,230.73,55
no_change,230.948,45
no_change,231.125,60
no_change,231.314,53
no_change,231.493,60
no_change,231.882,60
no_change,231.884,66
no_change,232.077,54
no_change,232.264,66
no_change,232.266,60
no_change,232.482,47
no_change,232.711,57
no_change,232.714,63
no_change,232.941,62
no_change,232.943,57
no_change,233.175,57
no_change,233.177,63
no_change,233.466,43
no_change,233.789,63
no_change,233.791,59
no_change,234.043,64
no_change,234.048,59
no_change,234.245,71
no_change,234.318,64
no_change,234.475,45
no_change,234.677,60
no_change,234.859,60
no_change,235.068,60
no_change,235.07,69
no_change,235.259,42
no_change,235.434,57
no_change,235.436,62
no_change,235.634,63
no_change,235.636,59
no_change,235.814,63
no_change,235.82,69
no_change,236.023,43
no_change,236.209,63
no_change,236.211,59
no_change,236.411,64
no_change,236.414,59
no_change,236.598,59
no_change,236.602,67
no_change,236.798,40
no_change,236.998,55
no_change,237.195,55
no_change,237.198,60
no_change,237.386,60
no_change,237.393,67
no_change,237.607,66
no_change,237.616,39
no_change,237.882,60
no_change,238.093,59
no_change,238.277,57
no_change,238.505,64
no_change,238.507,40
no_change,238.509,55
no_change,238.83,57
no_change,238.834,48
no_change,239.055,47
no_change,239.057,64
no_change,239.059,55
no_change,239.234,54
no_change,239.252,64
no_change,239.261,45
no_change,239.445,52
no_change,239.461,64
no_change,239.464,43
no_change,239.468,59
no_change,239.67,64
no_change,239.673,45
no_change,239.898,43
no_change,239.9,59
no_change,240.127,42
no_change,240.13,57
no_change,240.368,64
no_change,240.373,43
no_change,240.375,59
no_change,240.636,45
no_change,241.007,47
no_change,241.009,54
no_change,241.659,40
no_change,241.798,55
no_change,241.857,64
no_change,242.02,52
no_change,243.991,54
no_change,244.952,55
no_change,247.0,54
no_change,247.911,55
no_change,248.839,57
no_change,249.809,54
no_change,250.77,59
no_change,252.727,60
no_change,253.725,57
no_change,255.718,59
no_change,256.666,55
no_change,257.62,57
no_change,258.58,54
no_change,259.53,55
no_change,260.516,52
no_change,261.466,51
no_change,262.416,52
no_change,263.43,54
no_change,264.455,55
no_change,264.902,54
no_change,265.395,55
no_change,266.366,54
no_change,267.255,52
no_change,268.164,54
no_change,269.095,55
no_change,269.491,54
no_change,269.92,52
no_change,270.309,54
no_change,270.718,62
no_change,270.72,59
no_change,271.105,57
no_change,271.502,64
no_change,271.507,55
no_change,271.891,54
no_change,272.257,61
no_change,272.259,52
no_change,272.893,50
no_change,273.13,66
no_change,273.518,49
no_change,273.932,47
no_change,274.732,52
no_change,274.734,67
no_change,275.125,50
no_change,275.523,49
no_change,276.366,55
no_change,276.739,59
no_change,277.139,66
no_change,277.141,58
no_change,277.92,59
no_change,277.923,62
no_change,278.295,57
no_change,278.7,64
no_change,278.705,55
no_change,279.525,52
no_change,279.53,61
no_change,279.907,54
no_change,280.314,59
no_change,280.318,50
no_change,280.705,55
no_change,281.109,52
no_change,281.111,61
no_change,281.998,54
no_change,282.441,52
no_change,282.939,51
no_change,283.452,49
no_change,284.08,51
no_change,284.745,66
no_change,285.42,52
no_change,286.082,50
no_change,286.686,49
no_change,287.18,47
no_change,287.568,49
no_change,288.016,64
no_change,288.539,50
no_change,288.543,66
no_change,289.1,49
no_change,289.7,63
no_change,289.702,47
no_change,290.195,61
no_change,290.584,63
no_change,290.959,54
no_change,291.5,55
no_change,291.502,64
no_change,292.084,62
no_change,292.652,61
no_change,292.659,45
no_change,293.193,59
no_change,293.582,61
no_change,293.916,52
no_change,294.393,62
no_change,294.395,54
no_change,294.984,61
no_change,295.584,55
no_change,296.261,54
no_change,296.693,52
no_change,296.695,61
no_change,297.082,63
no_change,297.084,54
no_change,297.434,55
no_change,297.793,66
no_change,297.795,51
no_change,298.143,40
no_change,298.255,60
no_change,298.364,67
no_change,298.775,66
no_change,299.161,59
no_change,300.075,63
no_change,300.08,57
no_change,300.082,42
no_change,300.973,64
no_change,300.975,59
no_change,300.977,43
no_change,301.952,64
no_change,301.957,60
no_change,302.391,59
no_change,302.798,63
no_change,302.8,57
no_change,302.802,42
no_change,303.305,59
no_change,303.739,43
no_change,304.268,64
no_change,304.666,62
no_change,304.67,45
no_change,305.055,60
no_change,305.439,62
no_change,305.441,57
no_change,305.445,42
no_change,305.83,63
no_change,306.209,47
no_change,306.211,64
no_change,306.214,55
no_change,306.627,54
no_change,307.018,67
no_change,307.02,52
no_change,307.764,48
no_change,307.839,57
no_change,307.925,64
no_change,308.364,55
no_change,308.789,64
no_change,308.791,45
no_change,309.73,60
no_change,310.161,64
no_change,310.607,47
no_change,311.141,69
no_change,311.561,43
no_change,311.959,62
no_change,312.357,66
no_change,312.361,60
no_change,312.366,45
no_change,313.168,57
no_change,313.17,42
no_change,313.564,59
no_change,313.932,52
no_change,313.934,43
no_change,314.309,66
no_change,314.67,40
no_change,315.039,59
no_change,315.414,57
no_change,315.416,42
no_change,316.12,40
no_change,316.191,55
no_change,316.282,60
no_change,316.668,59
no_change,317.107,42
no_change,317.109,52
no_change,317.539,40
no_change,317.97,39
no_change,317.975,54
no_change,318.582,57
no_change,319.323,55
no_change,319.325,40
no_change,320.284,57
no_change,320.286,42
no_change,320.664,50
no_change,321.064,59
no_change,321.066,43
no_change,321.848,55
no_change,321.85,45
no_change,322.202,54
no_change,322.575,47
no_change,323.361,64
no_change,323.366,48
no_change,323.368,59
no_change,323.73,57
no_change,324.109,66
no_change,324.111,50
no_change,324.116,59
no_change,324.466,48
no_change,324.841,47
no_change,324.843,67
no_change,324.845,62
no_change,325.57,48
no_change,325.627,57
no_change,325.659,64
no_change,325.986,47
no_change,326.339,66
no_change,326.343,60
no_change,326.345,45
no_change,327.086,47
no_change,327.091,55
no_change,327.093,62
no_change,327.436,45
no_change,327.786,59
no_change,327.818,64
no_change,327.82,43
no_change,328.559,45
no_change,328.948,43
no_change,329.341,62
no_change,329.345,57
no_change,329.348,42
no_change,329.773,60
no_change,330.182,38
no_change,330.186,59
no_change,330.189,54
no_change,330.684,57
no_change,331.134,43
no_change,331.205,55
no_change,331.295,59
no_change,331.959,55
no_change,332.411,54
no_change,332.811,55
no_change,333.175,45
no_change,333.548,67
no_change,333.93,47
no_change,334.448,67
no_change,334.777,62
no_change,335.132,55
no_change,335.47,45
no_change,335.473,54
no_change,335.827,55
no_change,336.152,47
no_change,336.514,67
no_change,336.87,66
no_change,336.873,48
no_change,337.341,67
no_change,337.652,45
no_change,338.023,55
no_change,338.409,50
no_change,338.414,54
no_change,338.884,55
no_change,339.245,59
no_change,339.6,67
no_change,339.989,66
no_change,339.991,52
no_change,340.436,67
no_change,340.832,48
no_change,341.418,55
no_change,341.827,54
no_change,342.25,55
no_change,342.609,50
no_change,342.984,67
no_change,343.336,47
no_change,343.743,67
no_change,344.057,48
no_change,344.411,55
no_change,344.773,45
no_change,344.777,54
no_change,345.136,55
no_change,345.47,47
no_change,345.848,67
no_change,346.22,43
no_change,346.682,67
no_change,347.011,45
no_change,347.389,55
no_change,347.732,43
no_change,348.155,55
no_change,348.536,45
no_change,348.936,60
no_change,349.395,42
no_change,350.009,57
no_change,350.534,62
no_change,350.548,43
no_change,350.782,59
no_change,351.777,57
no_change,352.239,47
no_change,352.241,55
no_change,352.611,45
no_change,352.975,64
no_change,352.98,47
no_change,352.984,55
no_change,353.339,49
no_change,353.652,50
no_change,353.68,62
no_change,353.75,66
no_change,354.084,54
no_change,354.425,47
no_change,354.427,55
no_change,354.77,49
no_change,354.773,57
no_change,355.111,50
no_change,355.114,64
no_change,355.116,59
no_change,355.445,52
no_change,355.45,61
no_change,355.807,62
no_change,355.809,54
no_change,356.157,52
no_change,356.161,61
no_change,356.523,67
no_change,356.525,59
no_change,356.527,50
no_change,357.257,49
no_change,357.259,64
no_change,357.643,47
no_change,357.939,38
no_change,358.027,50
no_change,358.141,59
no_change,358.241,69
no_change,358.611,49
no_change,358.984,55
no_change,358.986,47
no_change,359.682,64
no_change,359.684,55
no_change,360.039,62
no_change,360.041,54
no_change,360.418,52
no_change,360.42,61
no_change,361.15,50
no_change,361.152,59
no_change,361.505,49
no_change,361.85,50
no_change,361.859,59
no_change,362.532,49
no_change,362.536,66
no_change,362.9,47
no_change,363.218,57
no_change,363.243,49
no_change,363.248,67
no_change,363.93,64
no_change,363.932,47
no_change,363.936,55
no_change,364.295,45
no_change,364.65,47
no_change,364.655,55
no_change,365.377,49
no_change,365.38,57
no_change,365.382,62
no_change,365.743,47
no_change,366.045,49
no_change,366.109,57
no_change,366.191,64
no_change,366.97,47
no_change,366.973,54
no_change,366.975,62
no_change,367.38,45
no_change,367.848,64
no_change,367.855,43
no_change,367.857,52
no_change,368.866,42
no_change,368.868,58
no_change,370.114,47
no_change,370.216,54
no_change,370.336,62
no_change,371.118,47
no_change,371.648,47
no_change,371.655,63
no_change,371.657,60
no_change,372.152,47
no_change,372.589,47
no_change,372.591,55
no_change,372.595,59
no_change,372.975,47
no_change,373.355,47
no_change,373.357,64
no_change,373.359,55
no_change,373.361,60
no_change,373.743,47
no_change,374.102,47
no_change,374.107,57
no_change,374.109,62
no_change,374.473,47
no_change,374.841,47
no_change,374.843,66
no_change,374.845,60
no_change,375.205,47
no_change,375.632,47
no_change,375.634,59
no_change,376.016,47
no_change,376.339,47
no_change,376.341,60
no_change,376.689,47
no_change,377.02,47
no_change,377.368,47
no_change,377.702,47
no_change,377.705,66
no_change,377.707,69
no_change,378.059,47
no_change,378.393,47
no_change,378.395,64
no_change,378.398,70
no_change,378.775,47
no_change,379.095,47
no_change,379.102,64
no_change,379.105,66
no_change,379.452,47
no_change,379.795,47
no_change,379.798,63
no_change,379.8,66
no_change,379.802,71
no_change,380.161,47
no_change,380.43,47
no_change,380.495,66
no_change,380.534,72
no_change,380.57,64
no_change,381.248,47
no_change,381.252,63
no_change,381.623,47
no_change,381.882,47
no_change,381.948,62
no_change,381.982,67
no_change,382.016,71
no_change,382.695,47
no_change,382.7,64
no_change,382.702,59
no_change,383.064,47
no_change,383.402,47
no_change,383.405,64
no_change,383.407,60
no_change,384.177,47
no_change,384.575,47
no_change,384.948,47
no_change,384.95,67
no_change,385.739,64
no_change,385.743,47
no_change,386.168,47
no_change,386.577,64
no_change,386.58,47
no_change,387.368,47
no_change,387.439,64
no_change,387.443,57
no_change,387.905,47
no_change,388.255,47
no_change,388.498,64
no_change,388.5,57
no_change,388.77,47
no_change,389.325,47
no_change,389.898,40
no_change,389.9,59
no_change,389.902,55
no_change,390.92,47
no_change,391.352,52
no_change,391.355,59
no_change,391.755,59
no_change,391.757,55
no_change,392.136,42
no_change,392.139,64
no_change,392.143,57
no_change,392.543,52
no_change,392.907,64
no_change,392.911,59
no_change,392.914,43
no_change,393.352,71
no_change,393.523,69
no_change,393.741,64
no_change,394.232,64
no_change,394.234,59
no_change,394.716,42
no_change,394.718,59
no_change,395.195,63
no_change,395.2,71
no_change,395.627,64
no_change,395.634,43
no_change,395.636,59
no_change,396.039,64
no_change,396.405,64
no_change,396.407,45
no_change,396.409,60
no_change,396.814,64
no_change,396.816,71
no_change,397.198,64
no_change,397.2,60
no_change,397.202,57
no_change,397.205,42
no_change,397.611,60
no_change,398.041,63
no_change,398.045,47
no_change,398.443,63
no_change,398.445,69
no_change,398.832,63
no_change,398.834,57
no_change,399.239,63
no_change,399.241,69
no_change,399.67,64
no_change,399.675,59
no_change,399.677,48
no_change,400.207,64
no_change,400.209,67
no_change,400.211,59
no_change,400.693,64
no_change,400.698,60
no_change,400.702,45
no_change,401.434,60
no_change,401.436,67
no_change,401.855,60
no_change,402.25,60
no_change,402.252,66
no_change,402.636,47
no_change,403.041,64
no_change,403.207,66
no_change,403.42,64
no_change,403.425,43
no_change,403.816,59
no_change,403.818,52
no_change,404.209,45
no_change,404.211,52
no_change,404.589,52
no_change,404.991,42
no_change,405.373,51
no_change,405.761,59
no_change,405.764,43
no_change,406.17,64
no_change,406.173,59
no_change,406.586,64
no_change,406.589,59
no_change,406.591,67
no_change,406.593,52
no_change,406.986,64
no_change,407.002,67
no_change,407.005,71
no_change,407.432,51
no_change,407.877,59
no_change,407.905,66
no_change,408.373,52
no_change,408.375,67
no_change,408.777,66
no_change,408.957,64
no_change,409.168,64
no_change,409.17,54
no_change,409.605,62
no_change,409.798,60
no_change,410.075,51
no_change,410.077,54
no_change,410.08,59
no_change,410.62,60
no_change,410.85,57
no_change,411.148,40
no_change,411.15,52
no_change,411.625,43
no_change,411.627,52
no_change,412.145,45
no_change,412.775,52
no_change,413.434,47
no_change,413.436,54
no_change,414.239,51
no_change,415.15,59
no_change,415.155,40
no_change,415.243,47
no_change,415.382,52
no_change,415.493,56
