onset_type,onset_time,pitch
no_change,0.143,43
no_change,0.309,59
no_change,1.161,55
no_change,1.4,50
no_change,1.864,55
no_change,2.305,44
no_change,2.491,50
no_change,2.675,54
no_change,2.742,26
no_change,2.911,60
no_change,3.175,59
no_change,3.177,43
no_change,3.948,55
no_change,4.214,50
no_change,4.723,55
no_change,5.193,50
no_change,5.405,54
no_change,5.63,60
no_change,5.834,68
no_change,6.086,43
no_change,6.089,69
no_change,6.9,62
no_change,6.902,59
no_change,7.13,50
no_change,7.591,59
no_change,7.593,62
no_change,8.036,50
no_change,8.252,54
no_change,8.45,60
no_change,8.675,68
no_change,8.918,69
no_change,8.923,43
no_change,9.73,59
no_change,9.964,50
no_change,10.434,62
no_change,10.436,59
no_change,10.875,50
no_change,11.348,71
no_change,11.843,71
no_change,12.639,69
no_change,12.875,67
no_change,13.343,66
no_change,13.85,64
no_change,14.37,62
no_change,14.836,50
no_change,15.536,57
no_change,15.759,54
no_change,16.18,57
no_change,16.693,50
no_change,17.152,66
no_change,17.602,69
no_change,17.607,48
no_change,18.045,49
no_change,18.27,67
no_change,18.536,50
no_change,19.05,60
no_change,19.541,59
no_change,19.543,62
no_change,20.132,58
no_change,20.136,64
no_change,20.698,43
no_change,21.384,59
no_change,21.386,50
no_change,21.609,43
no_change,22.075,54
no_change,22.518,50
no_change,22.916,64
no_change,23.286,47
no_change,23.343,57
no_change,23.402,62
no_change,23.457,66
no_change,24.055,64
no_change,24.266,62
no_change,24.657,40
no_change,24.718,50
no_change,24.768,56
no_change,24.8,60
no_change,25.22,59
no_change,25.648,64
no_change,26.061,45
no_change,26.77,60
no_change,26.995,52
no_change,27.475,60
no_change,27.911,64
no_change,28.332,52
no_change,28.336,62
no_change,28.341,55
no_change,28.786,45
no_change,29.502,52
no_change,29.509,60
no_change,29.73,54
no_change,29.732,59
no_change,30.2,52
no_change,30.205,60
no_change,30.625,44
no_change,30.698,54
no_change,30.766,60
no_change,30.834,62
no_change,31.584,43
no_change,31.586,59
no_change,32.05,50
no_change,32.291,54
no_change,32.816,52
no_change,33.089,60
no_change,33.534,59
no_change,34.02,64
no_change,34.025,60
no_change,34.455,47
no_change,34.507,57
no_change,34.561,62
no_change,34.589,66
no_change,35.157,64
no_change,35.375,62
no_change,35.732,40
no_change,35.807,50
no_change,35.859,56
no_change,35.87,60
no_change,36.259,59
no_change,36.705,64
no_change,37.139,45
no_change,37.582,52
no_change,37.793,60
no_change,37.998,59
no_change,38.0,54
no_change,38.464,55
no_change,38.466,60
no_change,38.907,64
no_change,39.332,62
no_change,39.334,54
no_change,39.807,45
no_change,40.225,50
no_change,40.436,60
no_change,40.652,54
no_change,41.075,50
no_change,41.082,60
no_change,41.53,42
no_change,41.945,50
no_change,41.97,57
no_change,41.977,48
no_change,42.38,55
no_change,42.382,43
no_change,43.136,50
no_change,43.393,47
no_change,43.932,55
no_change,44.475,50
no_change,44.925,71
no_change,45.445,71
no_change,45.45,74
no_change,46.17,69
no_change,46.173,72
no_change,46.411,67
no_change,46.875,66
no_change,46.877,69
no_change,47.35,64
no_change,47.352,67
no_change,47.836,62
no_change,47.841,66
no_change,48.298,50
no_change,49.043,57
no_change,49.264,54
no_change,49.689,57
no_change,50.175,50
no_change,50.63,66
no_change,51.059,69
no_change,51.061,48
no_change,51.495,49
no_change,51.711,67
no_change,51.945,50
no_change,52.411,64
no_change,52.414,60
no_change,52.934,59
no_change,52.939,62
no_change,53.505,58
no_change,54.059,43
no_change,54.741,59
no_change,54.743,50
no_change,54.945,43
no_change,55.389,54
no_change,55.818,50
no_change,56.243,64
no_change,56.616,47
no_change,56.666,57
no_change,56.718,62
no_change,56.78,66
no_change,57.418,64
no_change,57.618,62
no_change,58.091,40
no_change,58.15,50
no_change,58.202,56
no_change,58.255,60
no_change,58.68,59
no_change,59.109,64
no_change,59.536,45
no_change,60.22,60
no_change,60.436,52
no_change,60.439,59
no_change,60.88,60
no_change,61.357,64
no_change,61.802,52
no_change,61.809,62
no_change,61.814,55
no_change,62.266,45
no_change,62.959,52
no_change,62.966,60
no_change,63.175,54
no_change,63.609,60
no_change,63.611,52
no_change,64.023,44
no_change,64.114,54
no_change,64.152,60
no_change,64.193,62
no_change,64.964,43
no_change,64.966,59
no_change,65.382,50
no_change,65.618,54
no_change,66.027,52
no_change,66.28,60
no_change,66.707,59
no_change,67.15,64
no_change,67.152,60
no_change,67.62,47
no_change,67.664,57
no_change,67.707,62
no_change,67.743,66
no_change,68.366,64
no_change,68.564,62
no_change,68.932,40
no_change,68.989,50
no_change,69.041,56
no_change,69.07,60
no_change,69.507,59
no_change,69.952,64
no_change,70.377,45
no_change,70.791,52
no_change,70.986,60
no_change,71.182,54
no_change,71.184,59
no_change,71.634,55
no_change,72.102,64
no_change,72.534,54
no_change,72.536,60
no_change,72.986,45
no_change,73.411,50
no_change,73.609,60
no_change,73.843,54
no_change,74.275,50
no_change,74.277,60
no_change,74.743,42
no_change,75.255,50
no_change,75.264,48
no_change,75.598,43
no_change,75.752,55
no_change,76.057,50
no_change,76.293,52
no_change,76.491,54
no_change,76.684,55
no_change,76.895,57
no_change,77.08,59
no_change,77.275,60
no_change,77.457,62
no_change,77.677,64
no_change,77.882,65
no_change,78.064,67
no_change,78.373,50
no_change,78.386,60
no_change,78.402,65
no_change,79.048,67
no_change,79.211,50
no_change,79.214,60
no_change,79.636,67
no_change,80.034,43
no_change,80.441,65
no_change,80.443,59
no_change,80.857,48
no_change,80.859,64
no_change,81.275,55
no_change,81.52,59
no_change,81.918,57
no_change,82.164,65
no_change,82.625,64
no_change,83.075,67
no_change,83.441,49
no_change,83.491,59
no_change,83.561,64
no_change,83.618,68
no_change,84.211,66
no_change,84.425,64
no_change,84.773,42
no_change,84.845,58
no_change,84.909,63
no_change,85.327,64
no_change,85.73,66
no_change,86.13,47
no_change,86.559,54
no_change,86.782,58
no_change,87.182,58
no_change,87.409,63
no_change,87.859,56
no_change,88.343,64
no_change,88.78,47
no_change,88.841,57
no_change,88.92,62
no_change,88.961,66
no_change,89.573,64
no_change,89.777,62
no_change,90.15,40
no_change,90.22,50
no_change,90.27,56
no_change,90.325,60
no_change,90.714,59
no_change,91.152,64
no_change,91.584,45
no_change,92.252,60
no_change,92.473,52
no_change,92.475,59
no_change,92.932,60
no_change,93.373,64
no_change,93.82,52
no_change,93.827,62
no_change,93.83,55
no_change,94.264,45
no_change,94.986,52
no_change,94.995,60
no_change,95.223,54
no_change,95.225,59
no_change,95.639,52
no_change,95.643,60
no_change,96.093,44
no_change,96.539,62
no_change,96.541,54
no_change,96.957,43
no_change,97.386,50
no_change,97.614,54
no_change,98.016,52
no_change,98.264,60
no_change,98.741,59
no_change,99.2,60
no_change,99.623,47
no_change,99.677,57
no_change,99.73,62
no_change,99.755,66
no_change,100.136,50
no_change,100.359,64
no_change,100.568,52
no_change,100.57,62
no_change,100.914,40
no_change,100.984,50
no_change,101.03,56
no_change,101.039,60
no_change,101.443,59
no_change,101.886,64
no_change,102.307,45
no_change,102.761,52
no_change,102.948,60
no_change,103.177,54
no_change,103.584,55
no_change,104.039,64
no_change,104.482,54
no_change,104.484,60
no_change,104.927,45
no_change,105.332,50
no_change,105.58,60
no_change,105.814,54
no_change,105.816,59
no_change,106.241,50
no_change,106.673,42
no_change,106.745,48
no_change,106.809,50
no_change,106.82,57
no_change,107.886,43
no_change,107.889,50
no_change,107.893,55
no_change,110.852,43
no_change,110.998,59
no_change,111.732,55
no_change,111.98,50
no_change,112.45,55
no_change,112.841,44
no_change,113.068,50
no_change,113.232,54
no_change,113.464,60
no_change,113.695,43
no_change,114.398,55
no_change,114.652,50
no_change,115.105,55
no_change,115.523,50
no_change,115.734,54
no_change,115.939,60
no_change,116.125,68
no_change,116.38,43
no_change,116.382,69
no_change,117.189,59
no_change,117.402,50
no_change,117.873,59
no_change,118.291,50
no_change,118.527,54
no_change,118.745,60
no_change,118.957,68
no_change,119.23,43
no_change,120.043,59
no_change,120.28,50
no_change,120.73,59
no_change,121.2,50
no_change,121.655,71
no_change,122.207,71
no_change,122.209,74
no_change,122.875,69
no_change,123.12,67
no_change,123.611,66
no_change,123.614,69
no_change,124.052,64
no_change,124.057,67
no_change,124.484,62
no_change,124.486,66
no_change,124.93,50
no_change,125.607,57
no_change,125.818,54
no_change,126.225,57
no_change,126.677,50
no_change,127.102,66
no_change,127.527,48
no_change,127.53,69
no_change,127.936,49
no_change,128.164,67
no_change,128.395,50
no_change,128.4,66
no_change,128.857,60
no_change,129.355,59
no_change,129.357,62
no_change,129.886,58
no_change,129.891,64
no_change,130.427,43
no_change,131.048,59
no_change,131.05,50
no_change,131.273,43
no_change,131.761,54
no_change,132.234,50
no_change,132.664,64
no_change,133.068,47
no_change,133.132,57
no_change,133.205,62
no_change,133.289,66
no_change,133.909,64
no_change,134.13,62
no_change,134.495,40
no_change,134.541,50
no_change,134.605,56
no_change,134.634,60
no_change,135.045,59
no_change,135.464,64
no_change,135.907,45
no_change,136.548,60
no_change,136.77,52
no_change,137.211,60
no_change,137.639,64
no_change,138.036,52
no_change,138.039,62
no_change,138.041,55
no_change,138.459,45
no_change,139.168,52
no_change,139.173,60
no_change,139.402,54
no_change,139.405,59
no_change,139.827,52
no_change,139.832,60
no_change,140.295,44
no_change,140.364,54
no_change,140.405,60
no_change,140.443,62
no_change,141.245,43
no_change,141.252,59
no_change,141.675,50
no_change,141.927,54
no_change,142.361,52
no_change,142.611,60
no_change,143.036,59
no_change,143.48,64
no_change,143.482,60
no_change,143.955,47
no_change,144.007,57
no_change,144.064,62
no_change,144.089,66
no_change,144.718,64
no_change,144.923,62
no_change,145.259,40
no_change,145.327,50
no_change,145.37,56
no_change,145.38,60
no_change,145.773,59
no_change,146.218,64
no_change,146.659,45
no_change,147.13,52
no_change,147.3,60
no_change,147.495,54
no_change,147.943,55
no_change,147.945,60
no_change,148.398,64
no_change,148.823,54
no_change,148.825,60
no_change,149.273,45
no_change,149.723,50
no_change,149.914,60
no_change,150.145,57
no_change,150.148,54
no_change,150.552,50
no_change,150.555,60
no_change,150.95,42
no_change,151.439,57
no_change,151.441,48
no_change,151.443,50
no_change,151.859,55
no_change,151.873,43
no_change,152.627,50
no_change,152.88,47
no_change,153.357,55
no_change,153.83,50
no_change,154.259,71
no_change,154.809,71
no_change,155.518,69
no_change,155.523,72
no_change,155.755,67
no_change,155.757,71
no_change,156.182,66
no_change,156.184,69
no_change,156.655,64
no_change,156.659,67
no_change,157.134,62
no_change,157.136,66
no_change,157.65,50
no_change,158.405,57
no_change,158.407,60
no_change,158.625,54
no_change,159.064,57
no_change,159.564,50
no_change,160.016,66
no_change,160.448,69
no_change,160.452,48
no_change,160.861,49
no_change,161.091,67
no_change,161.352,50
no_change,161.841,60
no_change,162.355,59
no_change,162.357,62
no_change,162.939,58
no_change,162.941,64
no_change,163.514,43
no_change,164.145,50
no_change,164.359,43
no_change,164.825,54
no_change,165.245,50
no_change,165.623,64
no_change,165.982,47
no_change,166.032,57
no_change,166.1,62
no_change,166.143,66
no_change,166.777,64
no_change,166.993,62
no_change,167.352,40
no_change,167.43,50
no_change,167.489,56
no_change,167.509,60
no_change,167.893,59
no_change,168.3,64
no_change,168.711,45
no_change,169.345,60
no_change,169.575,59
no_change,169.577,52
no_change,170.007,60
no_change,170.432,64
no_change,170.841,52
no_change,170.852,55
no_change,171.261,45
no_change,171.914,52
no_change,171.916,60
no_change,172.136,54
no_change,172.557,52
no_change,172.561,60
no_change,172.98,44
no_change,173.048,54
no_change,173.075,60
no_change,173.095,62
no_change,173.895,43
no_change,173.898,59
no_change,174.307,50
no_change,174.536,54
no_change,174.936,52
no_change,175.17,60
no_change,175.584,59
no_change,176.014,60
no_change,176.439,47
no_change,176.486,57
no_change,176.557,62
no_change,176.607,66
no_change,177.191,64
no_change,177.375,62
no_change,177.702,40
no_change,177.777,50
no_change,177.827,56
no_change,177.843,60
no_change,178.257,59
no_change,178.67,64
no_change,179.109,45
no_change,179.545,52
no_change,179.759,60
no_change,179.97,54
no_change,180.395,60
no_change,180.398,55
no_change,180.823,64
no_change,181.252,62
no_change,181.255,54
no_change,181.693,45
no_change,182.102,50
no_change,182.318,60
no_change,182.532,54
no_change,182.943,60
no_change,182.945,50
no_change,183.37,42
no_change,183.782,50
no_change,183.798,48
no_change,184.123,43
no_change,184.241,55
no_change,184.464,50
no_change,184.659,52
no_change,184.88,54
no_change,185.082,55
no_change,185.291,57
no_change,185.473,59
no_change,185.661,60
no_change,185.852,62
no_change,186.073,64
no_change,186.266,65
no_change,186.457,67
no_change,186.711,50
no_change,186.723,60
no_change,186.732,65
no_change,186.734,71
no_change,187.375,67
no_change,187.543,50
no_change,187.545,71
no_change,187.548,60
no_change,187.943,67
no_change,188.359,43
no_change,188.761,65
no_change,188.764,59
no_change,189.17,48
no_change,189.175,64
no_change,189.586,55
no_change,189.818,59
no_change,190.205,57
no_change,190.47,65
no_change,190.918,64
no_change,191.35,67
no_change,191.718,49
no_change,191.773,59
no_change,191.823,64
no_change,191.875,68
no_change,192.525,66
no_change,192.736,64
no_change,193.068,42
no_change,193.139,58
no_change,193.205,63
no_change,193.611,64
no_change,194.03,66
no_change,194.434,47
no_change,194.843,54
no_change,195.091,58
no_change,195.491,58
no_change,195.716,63
no_change,196.155,56
no_change,196.639,64
no_change,197.068,47
no_change,197.116,57
no_change,197.189,62
no_change,197.243,66
no_change,197.864,64
no_change,198.073,62
no_change,198.498,40
no_change,198.557,50
no_change,198.609,56
no_change,198.634,60
no_change,199.023,59
no_change,199.434,64
no_change,199.839,45
no_change,200.502,60
no_change,200.72,52
no_change,200.723,59
no_change,201.125,60
no_change,201.548,64
no_change,201.991,52
no_change,201.993,55
no_change,202.407,45
no_change,203.075,52
no_change,203.082,60
no_change,203.309,54
no_change,203.314,59
no_change,203.725,52
no_change,204.148,44
no_change,204.609,62
no_change,204.614,54
no_change,205.036,43
no_change,205.448,50
no_change,205.689,54
no_change,206.084,52
no_change,206.332,60
no_change,206.766,59
no_change,207.193,64
no_change,207.195,60
no_change,207.602,47
no_change,207.639,57
no_change,207.693,62
no_change,207.705,66
no_change,208.095,50
no_change,208.357,64
no_change,208.6,52
no_change,208.605,62
no_change,208.993,40
no_change,209.05,50
no_change,209.093,56
no_change,209.116,60
no_change,209.518,59
no_change,209.961,64
no_change,210.386,45
no_change,210.852,52
no_change,211.064,60
no_change,211.289,54
no_change,211.73,55
no_change,212.173,64
no_change,212.632,62
no_change,212.634,54
no_change,213.141,45
no_change,213.645,50
no_change,213.925,60
no_change,214.236,54
no_change,214.239,59
no_change,214.775,50
no_change,214.78,60
no_change,215.339,42
no_change,215.439,48
no_change,215.5,50
no_change,215.564,57
no_change,217.173,43
no_change,217.175,50
