onset_type,onset_time,pitch
no_change,1.475,57
no_change,1.693,59
no_change,1.893,60
no_change,2.091,64
no_change,2.289,69
no_change,2.477,71
no_change,2.675,45
no_change,2.682,72
no_change,3.059,64
no_change,3.061,60
no_change,3.491,76
no_change,3.93,40
no_change,4.343,64
no_change,4.348,62
no_change,4.741,71
no_change,5.132,45
no_change,5.141,69
no_change,5.582,60
no_change,5.584,64
no_change,6.093,60
no_change,6.72,57
no_change,6.927,59
no_change,7.15,60
no_change,7.332,64
no_change,7.525,69
no_change,7.711,71
no_change,7.905,45
no_change,7.911,72
no_change,8.232,51
no_change,8.302,64
no_change,8.305,60
no_change,8.73,71
no_change,9.114,45
no_change,9.525,69
no_change,9.53,57
no_change,10.005,61
no_change,10.007,57
no_change,10.473,50
no_change,10.475,65
no_change,10.97,57
no_change,11.539,57
no_change,12.077,50
no_change,12.557,65
no_change,13.243,69
no_change,13.245,65
no_change,13.248,62
no_change,13.78,50
no_change,13.786,71
no_change,14.195,62
no_change,14.198,65
no_change,14.423,70
no_change,14.636,65
no_change,14.639,62
no_change,15.091,50
no_change,15.495,62
no_change,15.498,69
no_change,15.87,65
no_change,15.873,62
no_change,15.875,71
no_change,16.223,40
no_change,16.23,72
no_change,16.623,64
no_change,16.625,60
no_change,16.814,71
no_change,17.005,60
no_change,17.393,40
no_change,17.748,60
no_change,18.102,60
no_change,18.105,64
no_change,18.107,72
no_change,18.493,59
no_change,18.505,75
no_change,18.911,66
no_change,18.914,69
no_change,19.286,69
no_change,19.289,66
no_change,19.666,59
no_change,19.668,75
no_change,20.073,60
no_change,20.5,69
no_change,20.502,59
no_change,20.975,71
no_change,20.982,40
no_change,20.986,68
no_change,22.602,57
no_change,22.818,59
no_change,23.009,60
no_change,23.2,64
no_change,23.391,69
no_change,23.586,71
no_change,23.775,45
no_change,23.78,72
no_change,24.159,60
no_change,24.605,76
no_change,25.027,40
no_change,25.439,64
no_change,25.441,62
no_change,25.832,71
no_change,26.248,69
no_change,26.25,45
no_change,26.684,64
no_change,26.686,60
no_change,27.209,60
no_change,27.786,57
no_change,28.036,59
no_change,28.227,60
no_change,28.443,64
no_change,28.652,69
no_change,28.848,71
no_change,29.05,45
no_change,29.064,72
no_change,29.459,60
no_change,29.893,71
no_change,30.286,45
no_change,30.668,57
no_change,30.67,61
no_change,31.082,57
no_change,31.516,65
no_change,31.518,50
no_change,31.97,57
no_change,32.434,57
no_change,32.92,50
no_change,33.434,65
no_change,33.907,65
no_change,33.909,62
no_change,34.291,50
no_change,34.295,71
no_change,34.748,65
no_change,34.75,62
no_change,34.957,70
no_change,35.139,65
no_change,35.141,62
no_change,35.539,50
no_change,35.893,62
no_change,35.895,69
no_change,36.259,65
no_change,36.261,62
no_change,36.264,71
no_change,36.643,40
no_change,36.645,72
no_change,37.052,60
no_change,37.25,71
no_change,37.45,60
no_change,37.452,64
no_change,37.861,40
no_change,38.243,71
no_change,38.27,60
no_change,38.664,60
no_change,38.666,72
no_change,39.107,40
no_change,39.486,64
no_change,39.491,62
no_change,39.936,76
no_change,40.336,40
no_change,40.757,64
no_change,40.761,62
no_change,41.177,71
no_change,41.659,45
no_change,41.664,60
no_change,41.666,69
no_change,43.759,48
no_change,44.236,60
no_change,44.655,52
no_change,45.118,45
no_change,45.584,64
no_change,45.586,58
no_change,45.589,61
no_change,46.032,57
no_change,46.464,67
no_change,46.873,57
no_change,46.875,62
no_change,47.305,65
no_change,47.748,50
no_change,48.2,65
no_change,48.389,64
no_change,48.664,62
no_change,48.852,60
no_change,49.12,43
no_change,49.525,53
no_change,49.93,64
no_change,50.27,41
no_change,50.709,55
no_change,50.711,53
no_change,51.111,62
no_change,51.514,40
no_change,51.518,60
no_change,51.909,52
no_change,52.109,59
no_change,52.32,55
no_change,52.323,52
no_change,52.73,67
no_change,53.182,55
no_change,53.732,43
no_change,54.364,48
no_change,54.902,60
no_change,55.373,52
no_change,55.836,57
no_change,55.839,45
no_change,56.295,58
no_change,56.3,61
no_change,56.745,57
no_change,57.184,50
no_change,57.186,67
no_change,57.634,57
no_change,58.055,65
no_change,58.514,41
no_change,58.939,57
no_change,58.941,60
no_change,59.336,56
no_change,59.711,43
no_change,60.164,55
no_change,60.166,60
no_change,60.602,65
no_change,61.077,64
no_change,61.08,43
no_change,61.534,55
no_change,61.536,53
no_change,62.048,62
no_change,62.614,48
no_change,62.616,55
no_change,62.618,52
no_change,63.718,43
no_change,64.252,55
no_change,64.255,48
no_change,64.259,52
no_change,66.386,57
no_change,66.623,59
no_change,66.83,60
no_change,67.032,64
no_change,67.216,69
no_change,67.423,71
no_change,67.639,45
no_change,67.645,72
no_change,68.077,60
no_change,68.52,76
no_change,68.995,40
no_change,69.402,64
no_change,69.407,62
no_change,69.78,71
no_change,70.205,45
no_change,70.648,64
no_change,70.65,60
no_change,71.164,60
no_change,71.77,57
no_change,72.018,59
no_change,72.216,60
no_change,72.45,64
no_change,72.659,69
no_change,72.852,71
no_change,73.064,45
no_change,73.07,72
no_change,73.489,60
no_change,73.902,71
no_change,74.289,45
no_change,74.727,57
no_change,74.73,61
no_change,75.173,57
no_change,75.175,67
no_change,75.648,50
no_change,76.111,57
no_change,76.584,57
no_change,77.084,50
no_change,77.539,65
no_change,77.993,65
no_change,77.998,62
no_change,78.405,50
no_change,78.411,71
no_change,78.805,62
no_change,79.034,70
no_change,79.216,65
no_change,79.218,62
no_change,79.616,50
no_change,79.991,62
no_change,80.364,62
no_change,80.741,40
no_change,80.743,72
no_change,81.123,64
no_change,81.125,60
no_change,81.316,71
no_change,81.509,64
no_change,81.511,60
no_change,81.902,40
no_change,82.286,60
no_change,82.664,60
no_change,82.666,72
no_change,83.066,59
no_change,83.068,75
no_change,83.482,66
no_change,83.884,66
no_change,84.284,59
no_change,84.286,69
no_change,84.291,75
no_change,84.698,60
no_change,85.134,59
no_change,85.136,75
no_change,85.632,40
no_change,85.648,76
no_change,85.65,68
no_change,87.461,57
no_change,87.677,59
no_change,87.87,60
no_change,88.077,64
no_change,88.275,69
no_change,88.466,71
no_change,88.682,45
no_change,88.684,72
no_change,89.064,60
no_change,89.5,76
no_change,89.927,40
no_change,90.341,64
no_change,90.345,62
no_change,90.764,71
no_change,91.098,45
no_change,91.211,69
no_change,91.616,64
no_change,91.618,60
no_change,92.141,60
no_change,92.714,57
no_change,92.939,59
no_change,93.152,60
no_change,93.366,64
no_change,93.564,69
no_change,93.777,71
no_change,94.009,45
no_change,94.014,72
no_change,94.407,60
no_change,94.786,71
no_change,95.191,45
no_change,95.605,57
no_change,95.607,69
no_change,95.609,61
no_change,96.002,57
no_change,96.005,67
no_change,96.432,50
no_change,96.518,65
no_change,96.93,57
no_change,96.932,62
no_change,97.373,57
no_change,97.964,50
no_change,98.511,65
no_change,99.17,65
no_change,99.173,62
no_change,99.6,50
no_change,99.605,71
no_change,100.039,62
no_change,100.041,65
no_change,100.261,70
no_change,100.598,62
no_change,100.675,65
no_change,100.757,71
no_change,102.25,50
no_change,102.352,69
no_change,102.495,62
no_change,102.85,62
no_change,102.857,71
no_change,103.339,40
no_change,103.341,72
no_change,103.759,60
no_change,103.761,64
no_change,103.982,71
no_change,104.177,60
no_change,104.586,40
no_change,104.92,71
no_change,104.952,60
no_change,105.355,60
no_change,105.357,64
no_change,105.743,40
no_change,105.745,71
no_change,106.118,64
no_change,106.12,62
no_change,106.577,76
no_change,106.995,40
no_change,107.589,64
no_change,107.593,62
no_change,108.198,71
no_change,109.334,64
no_change,109.336,60
no_change,109.339,45
