onset_type,onset_time,pitch
no_change,1.795,40
no_change,1.889,56
no_change,1.975,59
no_change,2.102,64
no_change,2.509,66
no_change,2.702,71
no_change,3.061,66
no_change,3.268,44
no_change,3.273,64
no_change,3.434,59
no_change,3.657,56
no_change,3.816,52
no_change,3.818,45
no_change,3.825,61
no_change,4.18,68
no_change,4.414,66
no_change,4.761,61
no_change,4.989,47
no_change,4.993,57
no_change,5.002,63
no_change,5.366,40
no_change,5.47,47
no_change,5.532,57
no_change,6.073,56
no_change,6.091,64
no_change,6.409,68
no_change,6.636,48
no_change,6.641,63
no_change,6.645,68
no_change,6.961,66
no_change,7.175,49
no_change,7.223,56
no_change,7.264,66
no_change,7.595,64
no_change,7.816,64
no_change,8.18,73
no_change,8.434,56
no_change,8.484,62
no_change,8.53,65
no_change,8.575,73
no_change,8.9,71
no_change,9.123,54
no_change,9.125,61
no_change,9.13,71
no_change,9.52,69
no_change,9.72,64
no_change,10.089,71
no_change,10.316,69
no_change,10.682,56
no_change,10.764,60
no_change,10.875,69
no_change,11.282,68
no_change,11.507,63
no_change,11.859,69
no_change,12.198,68
no_change,12.72,47
no_change,12.816,57
no_change,12.918,63
no_change,13.398,66
no_change,13.691,68
no_change,13.825,66
no_change,13.959,64
no_change,14.095,63
no_change,14.234,61
no_change,14.364,59
no_change,14.545,57
no_change,14.682,56
no_change,14.85,54
no_change,15.011,52
no_change,16.166,40
no_change,17.502,59
no_change,18.102,61
no_change,18.314,63
no_change,18.341,56
no_change,18.698,61
no_change,18.927,59
no_change,19.273,61
no_change,19.498,55
no_change,19.5,63
no_change,19.845,59
no_change,20.07,54
no_change,20.448,61
no_change,20.666,59
no_change,21.023,61
no_change,21.25,63
no_change,21.252,53
no_change,21.62,59
no_change,21.832,52
no_change,21.836,66
no_change,22.307,58
no_change,22.411,63
no_change,22.959,61
no_change,23.495,51
no_change,23.498,66
no_change,23.934,57
no_change,24.061,61
no_change,24.568,60
no_change,24.911,49
no_change,24.984,55
no_change,25.109,59
no_change,25.459,64
no_change,25.698,66
no_change,26.018,64
no_change,26.257,71
no_change,26.58,69
no_change,26.807,67
no_change,27.141,66
no_change,27.366,64
no_change,27.695,62
no_change,27.934,61
no_change,28.28,59
no_change,28.498,61
no_change,29.089,42
no_change,29.091,52
no_change,29.098,47
no_change,29.611,42
no_change,30.177,61
no_change,30.716,58
no_change,30.718,52
no_change,30.72,42
no_change,31.266,42
no_change,31.77,66
no_change,31.773,47
no_change,31.838,37
no_change,32.211,52
no_change,32.316,57
no_change,32.38,61
no_change,32.92,52
no_change,32.923,61
no_change,33.43,47
no_change,33.855,52
no_change,33.952,57
no_change,34.014,61
no_change,34.543,54
no_change,34.545,63
no_change,34.93,40
no_change,34.986,56
no_change,35.077,59
no_change,35.18,64
no_change,35.582,66
no_change,35.782,71
no_change,36.145,66
no_change,36.334,44
no_change,36.35,64
no_change,36.682,59
no_change,36.891,45
no_change,36.943,52
no_change,36.966,61
no_change,37.275,68
no_change,37.541,66
no_change,37.87,61
no_change,38.1,47
no_change,38.473,40
no_change,38.582,47
no_change,38.773,57
no_change,39.318,56
no_change,39.323,64
no_change,39.67,68
no_change,39.882,63
no_change,39.884,48
no_change,40.232,66
no_change,40.434,49
no_change,40.477,56
no_change,40.5,66
no_change,40.823,64
no_change,41.057,64
no_change,41.393,73
no_change,41.648,56
no_change,41.68,62
no_change,41.736,65
no_change,41.768,73
no_change,42.091,71
no_change,42.316,54
no_change,42.318,61
no_change,42.707,69
no_change,42.925,64
no_change,43.3,71
no_change,43.534,69
no_change,43.977,56
no_change,44.043,60
no_change,44.175,69
no_change,44.561,68
no_change,44.8,63
no_change,45.166,69
no_change,45.516,68
no_change,46.066,47
no_change,46.214,57
no_change,46.4,63
no_change,46.843,66
no_change,47.125,68
no_change,47.273,66
no_change,47.407,64
no_change,47.541,63
no_change,47.68,61
no_change,47.793,59
no_change,47.902,57
no_change,48.082,56
no_change,48.266,54
no_change,48.47,52
no_change,49.741,40
no_change,52.145,48
no_change,52.557,64
no_change,52.775,65
no_change,53.161,67
no_change,53.4,65
no_change,53.736,64
no_change,54.002,41
no_change,54.025,57
no_change,54.152,62
no_change,54.47,60
no_change,54.745,62
no_change,55.325,69
no_change,56.409,43
no_change,56.414,53
no_change,56.782,59
no_change,57.034,60
no_change,57.355,62
no_change,57.589,60
no_change,57.93,59
no_change,58.191,48
no_change,58.257,52
no_change,58.391,59
no_change,58.923,57
no_change,59.536,64
no_change,60.114,69
no_change,61.241,50
no_change,61.243,59
no_change,61.614,67
no_change,61.866,69
no_change,62.186,71
no_change,62.43,69
no_change,62.73,67
no_change,62.941,49
no_change,63.0,55
no_change,63.145,59
no_change,63.45,64
no_change,63.695,66
no_change,64.039,67
no_change,64.275,66
no_change,64.582,64
no_change,64.841,48
no_change,64.882,54
no_change,64.991,57
no_change,65.295,62
no_change,65.541,64
no_change,65.891,66
no_change,66.127,64
no_change,66.464,62
no_change,66.698,58
no_change,66.7,49
no_change,67.032,61
no_change,67.28,63
no_change,67.614,65
no_change,67.848,63
no_change,68.182,61
no_change,68.386,49
no_change,68.464,54
no_change,68.548,57
no_change,68.884,61
no_change,69.102,63
no_change,69.461,64
no_change,69.698,63
no_change,70.045,61
no_change,70.282,51
no_change,70.666,60
no_change,70.886,61
no_change,71.232,63
no_change,71.466,61
no_change,71.798,60
no_change,72.107,70
no_change,72.482,68
no_change,72.718,65
no_change,73.073,63
no_change,73.307,60
no_change,73.689,56
no_change,73.92,53
no_change,74.514,55
no_change,75.064,51
no_change,75.523,44
no_change,75.698,54
no_change,76.139,60
no_change,76.468,61
no_change,76.732,63
no_change,76.943,61
no_change,77.161,60
no_change,77.373,47
no_change,77.445,57
no_change,77.736,63
no_change,78.009,64
no_change,78.234,66
no_change,78.475,64
no_change,78.695,63
no_change,79.036,73
no_change,79.389,71
no_change,79.655,69
no_change,79.977,68
no_change,80.225,66
no_change,80.573,65
no_change,80.816,68
no_change,81.166,66
no_change,81.375,64
no_change,81.389,66
no_change,81.411,64
no_change,81.745,63
no_change,81.964,61
no_change,82.316,63
no_change,82.541,40
no_change,82.6,56
no_change,82.695,59
no_change,82.766,64
no_change,83.125,66
no_change,83.341,71
no_change,83.684,66
no_change,83.9,44
no_change,83.905,64
no_change,84.093,59
no_change,84.316,56
no_change,84.466,45
no_change,84.475,61
no_change,84.839,68
no_change,85.084,66
no_change,85.432,61
no_change,85.661,47
no_change,85.664,57
no_change,85.666,63
no_change,86.034,40
no_change,86.125,47
no_change,86.27,57
no_change,86.823,56
no_change,86.827,64
no_change,87.141,68
no_change,87.37,68
no_change,87.373,63
no_change,87.377,48
no_change,87.714,66
no_change,87.93,49
no_change,87.959,56
no_change,88.034,66
no_change,88.373,64
no_change,88.645,64
no_change,89.007,73
no_change,89.334,56
no_change,89.35,62
no_change,89.432,65
no_change,89.5,73
no_change,89.864,71
no_change,90.084,54
no_change,90.086,61
no_change,90.095,71
no_change,90.466,69
no_change,90.709,64
no_change,91.077,71
no_change,91.316,54
no_change,91.318,61
no_change,91.752,56
no_change,91.811,60
no_change,91.934,69
no_change,92.339,68
no_change,92.582,63
no_change,92.993,69
no_change,93.282,56
no_change,93.284,68
no_change,93.932,45
no_change,93.98,52
no_change,94.027,62
no_change,94.093,57
no_change,94.652,66
no_change,94.902,68
no_change,95.023,69
no_change,95.182,68
no_change,95.264,66
no_change,95.4,64
no_change,95.498,62
no_change,95.686,61
no_change,95.773,59
no_change,95.927,57
no_change,96.061,47
no_change,96.325,56
no_change,96.327,52
no_change,96.332,61
no_change,96.607,47
no_change,96.882,56
no_change,97.166,47
no_change,97.386,57
no_change,97.511,63
no_change,97.566,66
no_change,97.909,40
no_change,98.259,56
no_change,98.436,57
no_change,98.586,59
no_change,98.718,61
no_change,98.886,59
no_change,99.03,61
no_change,99.216,63
no_change,99.45,64
no_change,99.693,66
no_change,99.968,68
no_change,100.27,69
no_change,100.607,71
no_change,101.709,52
no_change,101.786,59
no_change,101.848,68
no_change,102.436,68
no_change,102.443,52
no_change,102.986,52
no_change,103.064,59
no_change,103.189,68
no_change,104.057,40
