onset_type,onset_time,pitch
no_change,8.657,45
no_change,8.848,52
no_change,9.034,53
no_change,9.202,45
no_change,9.414,52
no_change,9.6,53
no_change,9.782,45
no_change,9.986,52
no_change,10.168,45
no_change,10.38,52
no_change,10.57,53
no_change,10.741,45
no_change,10.943,52
no_change,11.118,53
no_change,11.318,45
no_change,11.468,52
no_change,11.67,45
no_change,11.866,51
no_change,12.061,54
no_change,12.261,45
no_change,12.423,51
no_change,12.632,54
no_change,12.802,45
no_change,12.993,51
no_change,13.184,45
no_change,13.389,51
no_change,13.58,54
no_change,13.766,45
no_change,13.934,51
no_change,14.127,54
no_change,14.32,45
no_change,14.509,51
no_change,14.684,45
no_change,14.889,50
no_change,15.077,53
no_change,15.25,45
no_change,15.47,50
no_change,15.63,53
no_change,15.834,45
no_change,16.016,50
no_change,16.207,45
no_change,16.393,50
no_change,16.577,53
no_change,16.755,45
no_change,16.941,50
no_change,17.159,53
no_change,17.357,45
no_change,17.525,50
no_change,17.723,45
no_change,17.914,48
no_change,18.114,52
no_change,18.28,45
no_change,18.486,48
no_change,18.664,52
no_change,18.855,45
no_change,19.05,48
no_change,19.245,45
no_change,19.42,48
no_change,19.625,52
no_change,19.805,45
no_change,19.984,48
no_change,20.195,52
no_change,20.373,45
no_change,20.548,48
no_change,20.745,45
no_change,20.952,52
no_change,21.123,53
no_change,21.286,45
no_change,21.461,52
no_change,21.714,53
no_change,21.902,45
no_change,22.064,52
no_change,22.295,45
no_change,22.48,52
no_change,22.5,76
no_change,22.664,53
no_change,22.852,45
no_change,23.052,52
no_change,23.225,53
no_change,23.391,45
no_change,23.589,52
no_change,23.784,45
no_change,23.952,51
no_change,24.148,54
no_change,24.33,45
no_change,24.516,51
no_change,24.7,54
no_change,24.891,45
no_change,25.08,51
no_change,25.277,45
no_change,25.282,83
no_change,25.493,51
no_change,25.655,54
no_change,25.848,78
no_change,25.85,45
no_change,26.023,51
no_change,26.186,54
no_change,26.377,45
no_change,26.55,51
no_change,26.734,45
no_change,26.911,50
no_change,27.105,53
no_change,27.282,45
no_change,27.47,50
no_change,27.648,53
no_change,27.848,45
no_change,28.007,50
no_change,28.214,45
no_change,28.407,50
no_change,28.575,53
no_change,28.773,77
no_change,28.782,45
no_change,28.95,50
no_change,29.134,53
no_change,29.316,45
no_change,29.491,50
no_change,29.684,45
no_change,29.864,48
no_change,30.057,52
no_change,30.218,45
no_change,30.409,48
no_change,30.618,52
no_change,30.78,45
no_change,30.943,48
no_change,31.148,45
no_change,31.152,81
no_change,31.339,48
no_change,31.518,52
no_change,31.702,76
no_change,31.705,45
no_change,31.911,48
no_change,32.073,52
no_change,32.264,45
no_change,32.416,48
no_change,32.614,45
no_change,32.807,52
no_change,32.998,53
no_change,33.166,45
no_change,33.173,52
no_change,33.355,53
no_change,33.564,52
no_change,33.62,45
no_change,33.741,60
no_change,33.911,57
no_change,34.091,45
no_change,34.284,52
no_change,34.477,53
no_change,34.634,45
no_change,34.645,52
no_change,34.841,60
no_change,35.02,57
no_change,35.198,45
no_change,35.205,52
no_change,35.398,53
no_change,35.555,45
no_change,35.791,51
no_change,35.977,52
no_change,36.118,45
no_change,36.132,51
no_change,36.325,52
no_change,36.52,51
no_change,36.584,45
no_change,36.682,59
no_change,36.861,54
no_change,37.027,45
no_change,37.227,51
no_change,37.432,52
no_change,37.498,45
no_change,37.584,51
no_change,37.798,59
no_change,37.991,54
no_change,38.152,51
no_change,38.157,45
no_change,38.355,52
no_change,38.523,45
no_change,38.723,50
no_change,38.939,52
no_change,39.082,45
no_change,39.107,50
no_change,39.284,52
no_change,39.452,50
no_change,39.632,59
no_change,39.784,45
no_change,39.836,53
no_change,40.011,45
no_change,40.223,50
no_change,40.425,52
no_change,40.586,45
no_change,40.773,59
no_change,40.95,53
no_change,41.125,50
no_change,41.127,45
no_change,41.311,52
no_change,41.505,45
no_change,41.695,48
no_change,41.895,50
no_change,42.052,48
no_change,42.055,45
no_change,42.25,50
no_change,42.411,48
no_change,42.589,45
no_change,42.6,57
no_change,42.777,52
no_change,42.97,45
no_change,43.145,48
no_change,43.348,50
no_change,43.516,48
no_change,43.518,45
no_change,43.698,57
no_change,43.886,52
no_change,44.045,45
no_change,44.227,50
no_change,44.423,43
no_change,44.627,48
no_change,44.809,50
no_change,44.966,48
no_change,45.15,43
no_change,45.161,50
no_change,45.323,48
no_change,45.43,43
no_change,45.52,57
no_change,45.72,52
no_change,45.891,43
no_change,46.061,48
no_change,46.28,50
no_change,46.414,43
no_change,46.416,48
no_change,46.627,57
no_change,46.827,52
no_change,46.975,43
no_change,46.98,48
no_change,47.175,50
no_change,47.35,42
no_change,47.557,48
no_change,47.732,50
no_change,47.907,42
no_change,48.114,50
no_change,48.275,48
no_change,48.464,42
no_change,48.468,57
no_change,48.643,51
no_change,48.825,42
no_change,49.005,48
no_change,49.205,50
no_change,49.364,48
no_change,49.398,42
no_change,49.575,57
no_change,49.766,51
no_change,49.918,42
no_change,49.943,48
no_change,50.139,50
no_change,50.316,41
no_change,50.545,47
no_change,50.691,48
no_change,50.859,41
no_change,50.866,47
no_change,51.068,48
no_change,51.245,47
no_change,51.439,56
no_change,51.441,41
no_change,51.639,50
no_change,51.8,41
no_change,51.986,47
no_change,52.193,48
no_change,52.339,47
no_change,52.495,41
no_change,52.539,56
no_change,52.732,50
no_change,52.891,41
no_change,52.905,47
no_change,53.109,48
no_change,53.291,40
no_change,53.489,47
no_change,53.677,48
no_change,53.825,40
no_change,53.848,47
no_change,54.043,48
no_change,54.198,47
no_change,54.38,40
no_change,54.393,56
no_change,54.586,50
no_change,54.766,40
no_change,54.948,47
no_change,55.143,48
no_change,55.291,40
no_change,55.316,47
no_change,55.491,56
no_change,55.702,50
no_change,55.816,40
no_change,55.87,41
no_change,55.97,42
no_change,56.043,43
no_change,56.105,44
no_change,56.252,45
no_change,56.445,64
no_change,56.634,65
no_change,56.795,45
no_change,56.805,64
no_change,57.009,65
no_change,57.2,64
no_change,57.366,72
no_change,57.368,45
no_change,57.577,69
no_change,57.757,45
no_change,57.945,64
no_change,58.143,65
no_change,58.298,45
no_change,58.309,64
no_change,58.509,72
no_change,58.698,69
no_change,58.859,45
no_change,58.861,64
no_change,59.059,65
no_change,59.225,45
no_change,59.436,63
no_change,59.641,64
no_change,59.786,45
no_change,59.795,63
no_change,59.993,64
no_change,60.17,63
no_change,60.348,71
no_change,60.359,45
no_change,60.552,66
no_change,60.73,45
no_change,60.92,63
no_change,61.111,64
no_change,61.282,45
no_change,61.289,63
no_change,61.493,71
no_change,61.664,66
no_change,61.793,45
no_change,61.848,63
no_change,62.041,64
no_change,62.214,45
no_change,62.409,62
no_change,62.607,64
no_change,62.759,45
no_change,62.777,62
no_change,62.966,64
no_change,63.166,62
no_change,63.318,45
no_change,63.536,65
no_change,63.691,45
no_change,63.918,62
no_change,64.082,64
no_change,64.252,45
no_change,64.259,62
no_change,64.459,71
no_change,64.614,65
no_change,64.8,45
no_change,64.816,62
no_change,65.0,64
no_change,65.164,45
no_change,65.361,60
no_change,65.552,62
no_change,65.714,45
no_change,65.725,60
no_change,65.92,62
no_change,66.111,60
no_change,66.28,45
no_change,66.289,69
no_change,66.5,64
no_change,66.661,45
no_change,66.866,60
no_change,67.041,62
no_change,67.202,45
no_change,67.214,60
no_change,67.407,69
no_change,67.584,64
no_change,67.752,45
no_change,67.759,60
no_change,67.968,62
no_change,68.148,43
no_change,68.35,60
no_change,68.548,62
no_change,68.689,43
no_change,68.698,60
no_change,68.902,62
no_change,69.068,60
no_change,69.193,43
no_change,69.252,69
no_change,69.432,64
no_change,69.6,43
no_change,69.786,60
no_change,69.993,62
no_change,70.139,43
no_change,70.352,69
no_change,70.523,64
no_change,70.698,43
no_change,70.866,62
no_change,71.098,42
no_change,71.25,60
no_change,71.459,62
no_change,71.611,60
no_change,71.655,42
no_change,71.807,62
no_change,71.982,60
no_change,72.173,69
no_change,72.23,42
no_change,72.382,63
no_change,72.5,42
no_change,72.736,60
no_change,72.936,62
no_change,73.066,42
no_change,73.082,60
no_change,73.289,69
no_change,73.464,63
no_change,73.65,42
no_change,73.673,60
no_change,73.868,62
no_change,74.027,41
no_change,74.223,59
no_change,74.414,60
no_change,74.568,41
no_change,74.589,59
no_change,74.777,60
no_change,74.966,59
no_change,75.139,41
no_change,75.141,68
no_change,75.332,62
no_change,75.511,41
no_change,75.693,59
no_change,75.898,60
no_change,76.052,41
no_change,76.073,59
no_change,76.259,68
no_change,76.443,62
no_change,76.605,41
no_change,76.632,59
no_change,76.827,60
no_change,76.98,40
no_change,77.193,59
no_change,77.38,60
no_change,77.543,40
no_change,77.566,59
no_change,77.752,60
no_change,77.961,59
no_change,78.118,40
no_change,78.132,68
no_change,78.334,62
no_change,78.514,40
no_change,78.707,59
no_change,78.959,60
no_change,79.148,59
no_change,79.225,40
no_change,79.425,68
no_change,79.655,62
no_change,79.943,40
no_change,79.955,59
no_change,80.5,60
no_change,80.595,62
no_change,80.659,63
no_change,80.793,45
no_change,80.795,64
no_change,81.15,52
no_change,81.348,53
no_change,81.391,45
no_change,81.541,52
no_change,81.723,53
no_change,81.898,52
no_change,82.07,45
no_change,82.084,60
no_change,82.275,57
no_change,82.5,45
no_change,82.664,52
no_change,82.839,53
no_change,83.011,45
no_change,83.023,52
no_change,83.214,62
no_change,83.482,60
no_change,83.602,45
no_change,83.616,59
no_change,83.77,57
no_change,83.93,45
no_change,83.945,59
no_change,84.152,51
no_change,84.336,52
no_change,84.495,45
no_change,84.514,51
no_change,84.709,52
no_change,84.895,51
no_change,84.973,45
no_change,85.08,59
no_change,85.284,54
no_change,85.455,45
no_change,85.645,51
no_change,85.834,52
no_change,85.991,51
no_change,85.995,45
no_change,86.205,59
no_change,86.395,54
no_change,86.564,51
no_change,86.577,45
no_change,86.775,59
no_change,86.859,60
no_change,86.975,45
no_change,87.177,50
no_change,87.355,52
no_change,87.527,45
no_change,87.714,52
no_change,87.905,50
no_change,87.984,45
no_change,88.08,59
no_change,88.277,53
no_change,88.464,45
no_change,88.645,50
no_change,88.843,52
no_change,88.991,45
no_change,89.005,53
no_change,89.007,62
no_change,89.195,52
no_change,89.198,60
no_change,89.359,50
no_change,89.364,59
no_change,89.539,48
no_change,89.705,47
no_change,89.707,56
no_change,89.907,57
no_change,90.036,45
no_change,90.141,48
no_change,90.311,50
no_change,90.461,45
no_change,90.695,50
no_change,90.845,48
no_change,91.032,57
no_change,91.193,45
no_change,91.236,52
no_change,91.411,45
no_change,91.58,48
no_change,91.786,50
no_change,91.966,48
no_change,91.97,45
no_change,92.193,57
no_change,92.409,52
no_change,92.686,45
no_change,92.695,57
no_change,92.925,59
no_change,93.2,60
no_change,93.218,59
no_change,93.236,43
no_change,93.245,60
no_change,93.714,48
no_change,93.909,50
no_change,94.03,43
no_change,94.064,48
no_change,94.259,50
no_change,94.414,48
no_change,94.623,57
no_change,94.67,43
no_change,94.798,52
no_change,94.975,43
no_change,95.157,48
no_change,95.37,50
no_change,95.518,43
no_change,95.536,48
no_change,95.739,60
no_change,95.943,59
no_change,96.086,43
no_change,96.102,60
no_change,96.289,57
no_change,96.459,42
no_change,96.477,59
no_change,96.698,48
no_change,96.866,50
no_change,97.027,42
no_change,97.03,48
no_change,97.257,50
no_change,97.407,48
no_change,97.5,42
no_change,97.593,57
no_change,97.784,51
no_change,97.948,42
no_change,98.139,48
no_change,98.323,50
no_change,98.489,42
no_change,98.502,48
no_change,98.702,57
no_change,98.889,51
no_change,99.048,42
no_change,99.07,48
no_change,99.248,50
no_change,99.445,59
no_change,99.448,41
no_change,99.675,47
no_change,99.836,48
no_change,99.982,41
no_change,100.005,47
no_change,100.182,48
no_change,100.357,47
no_change,100.552,41
no_change,100.555,56
no_change,100.739,50
no_change,100.918,41
no_change,101.093,47
no_change,101.289,48
no_change,101.448,41
no_change,101.452,47
no_change,101.666,62
no_change,101.895,60
no_change,102.039,41
no_change,102.182,59
no_change,102.295,57
no_change,102.391,40
no_change,102.434,59
no_change,102.62,47
no_change,102.807,48
no_change,102.97,40
no_change,102.973,47
no_change,103.159,48
no_change,103.345,47
no_change,103.507,40
no_change,103.523,56
no_change,103.732,50
no_change,103.88,40
no_change,104.08,47
no_change,104.293,48
no_change,104.477,40
no_change,104.493,47
no_change,104.68,51
no_change,104.905,50
no_change,105.107,48
no_change,105.323,47
no_change,105.332,64
no_change,105.355,65
no_change,105.507,67
no_change,105.514,46
no_change,105.723,55
no_change,105.907,62
no_change,106.084,46
no_change,106.275,55
no_change,106.475,62
no_change,106.618,46
no_change,106.752,65
no_change,106.823,64
no_change,106.918,62
no_change,107.043,45
no_change,107.048,61
no_change,107.052,52
no_change,107.22,53
no_change,107.23,62
no_change,107.409,55
no_change,107.411,64
no_change,107.595,58
no_change,107.798,65
no_change,107.855,64
no_change,107.952,62
no_change,108.127,45
no_change,108.325,61
no_change,108.525,50
no_change,108.53,62
no_change,108.736,57
no_change,108.939,58
no_change,109.111,57
no_change,109.123,46
no_change,109.307,58
no_change,109.489,57
no_change,109.666,45
no_change,109.689,65
no_change,109.88,62
no_change,110.064,41
no_change,110.252,49
no_change,110.464,50
no_change,110.645,52
no_change,110.875,53
no_change,111.055,56
no_change,111.136,57
no_change,111.245,59
no_change,111.355,61
no_change,111.452,62
no_change,111.543,64
no_change,111.652,44
no_change,111.657,65
no_change,111.907,53
no_change,112.068,60
no_change,112.252,44
no_change,112.459,53
no_change,112.666,60
no_change,112.823,44
no_change,113.009,53
no_change,113.109,54
no_change,113.191,43
no_change,113.214,55
no_change,113.368,56
no_change,113.37,53
no_change,113.536,56
no_change,113.543,59
no_change,113.72,43
no_change,113.727,62
no_change,113.934,67
no_change,114.009,65
no_change,114.095,64
no_change,114.286,43
no_change,114.461,62
no_change,114.675,64
no_change,114.677,48
no_change,114.873,55
no_change,115.061,59
no_change,115.218,48
no_change,115.22,62
no_change,115.418,64
no_change,115.575,65
no_change,115.759,59
no_change,115.766,48
no_change,115.973,55
no_change,116.141,64
no_change,116.164,47
no_change,116.352,56
no_change,116.539,59
no_change,116.727,47
no_change,116.73,62
no_change,116.914,64
no_change,117.1,65
no_change,117.264,47
no_change,117.277,68
no_change,117.473,71
no_change,117.65,45
no_change,117.664,64
no_change,117.873,69
no_change,118.057,71
no_change,118.236,64
no_change,118.239,45
no_change,118.425,69
no_change,118.625,72
no_change,118.82,45
no_change,119.023,69
no_change,119.205,45
no_change,119.361,64
no_change,119.586,69
no_change,119.755,45
no_change,119.77,76
no_change,119.97,74
no_change,120.048,72
no_change,120.132,71
no_change,120.327,45
no_change,120.514,69
no_change,120.716,45
no_change,120.736,71
no_change,120.957,63
no_change,121.139,64
no_change,121.295,45
no_change,121.302,63
no_change,121.502,64
no_change,121.659,63
no_change,121.85,45
no_change,122.055,66
no_change,122.23,45
no_change,122.441,63
no_change,122.641,64
no_change,122.807,45
no_change,122.814,63
no_change,123.0,71
no_change,123.218,66
no_change,123.384,45
no_change,123.402,63
no_change,123.602,64
no_change,123.65,63
no_change,123.77,45
no_change,123.773,62
no_change,124.0,65
no_change,124.173,69
no_change,124.355,45
no_change,124.364,62
no_change,124.57,65
no_change,124.764,71
no_change,124.943,62
no_change,124.948,45
no_change,125.148,65
no_change,125.332,45
no_change,125.334,72
no_change,125.548,62
no_change,125.707,68
no_change,125.905,45
no_change,126.116,72
no_change,126.164,71
no_change,126.28,69
no_change,126.495,45
no_change,126.664,68
no_change,126.857,45
no_change,126.868,69
no_change,127.066,60
no_change,127.252,62
no_change,127.427,60
no_change,127.505,45
no_change,127.632,62
no_change,127.811,60
no_change,127.993,45
no_change,128.2,64
no_change,128.38,45
no_change,128.589,60
no_change,128.789,62
no_change,128.948,60
no_change,129.164,69
no_change,129.341,64
no_change,129.545,60
no_change,129.725,59
no_change,130.059,45
no_change,130.264,52
no_change,130.445,53
no_change,130.63,45
no_change,130.83,52
no_change,131.011,53
no_change,131.198,45
no_change,131.384,52
no_change,131.575,45
no_change,131.773,52
no_change,131.945,53
no_change,132.159,45
no_change,132.368,52
no_change,132.539,53
no_change,132.732,45
no_change,132.923,52
no_change,133.111,45
no_change,133.307,51
no_change,133.491,54
no_change,133.677,45
no_change,133.87,51
no_change,134.066,54
no_change,134.243,45
no_change,134.427,51
no_change,134.625,45
no_change,134.827,51
no_change,135.027,54
no_change,135.218,45
no_change,135.427,51
no_change,135.591,54
no_change,135.791,45
no_change,135.975,51
no_change,136.155,45
no_change,136.348,50
no_change,136.555,53
no_change,136.732,45
no_change,136.939,50
no_change,137.118,53
no_change,137.309,45
no_change,137.502,50
no_change,137.682,45
no_change,137.884,50
no_change,138.077,53
no_change,138.257,45
no_change,138.45,50
no_change,138.627,53
no_change,138.823,45
no_change,139.014,50
no_change,139.211,45
no_change,139.407,48
no_change,139.616,52
no_change,139.782,45
no_change,139.982,48
no_change,140.164,52
no_change,140.339,45
no_change,140.539,48
no_change,140.727,45
no_change,140.923,48
no_change,141.125,52
no_change,141.291,45
no_change,141.489,48
no_change,141.675,52
no_change,141.866,45
no_change,142.064,48
no_change,142.234,45
no_change,142.445,52
no_change,142.63,53
no_change,142.802,45
no_change,142.993,52
no_change,143.182,53
no_change,143.38,45
no_change,143.559,52
no_change,143.761,76
no_change,143.773,45
no_change,143.959,52
no_change,144.125,53
no_change,144.314,71
no_change,144.325,45
no_change,144.532,52
no_change,144.686,53
no_change,144.861,45
no_change,145.043,52
no_change,145.234,45
no_change,145.42,51
no_change,145.62,54
no_change,145.807,45
no_change,145.984,51
no_change,146.175,54
no_change,146.361,45
no_change,146.534,51
no_change,146.72,83
no_change,146.755,45
no_change,146.95,51
no_change,147.116,54
no_change,147.314,78
no_change,147.33,45
no_change,147.514,51
no_change,147.673,54
no_change,147.87,45
no_change,148.039,51
no_change,148.218,45
no_change,148.407,50
no_change,148.6,53
no_change,148.782,45
no_change,148.959,50
no_change,149.159,53
no_change,149.341,45
no_change,149.527,50
no_change,149.725,83
no_change,149.727,45
no_change,149.916,50
no_change,150.098,53
no_change,150.3,77
no_change,150.307,45
no_change,150.482,50
no_change,150.664,53
no_change,150.852,45
no_change,151.03,50
no_change,151.223,45
no_change,151.393,48
no_change,151.607,52
no_change,151.773,45
no_change,151.959,48
no_change,152.166,52
no_change,152.334,45
no_change,152.511,48
no_change,152.691,81
no_change,152.718,45
no_change,152.907,48
no_change,153.098,52
no_change,153.284,76
no_change,153.289,45
no_change,153.441,48
no_change,153.652,52
no_change,153.839,45
no_change,154.002,48
no_change,154.205,45
no_change,154.395,52
no_change,154.582,53
no_change,154.757,45
no_change,154.77,52
no_change,154.957,53
no_change,155.159,52
no_change,155.305,45
no_change,155.336,60
no_change,155.525,57
no_change,155.707,45
no_change,155.907,52
no_change,156.105,53
no_change,156.266,45
no_change,156.277,52
no_change,156.48,60
no_change,156.655,57
no_change,156.72,67
no_change,156.818,45
no_change,157.007,53
no_change,157.195,45
no_change,157.382,51
no_change,157.598,52
no_change,157.748,45
no_change,157.923,52
no_change,158.116,51
no_change,158.298,59
no_change,158.423,45
no_change,158.482,54
no_change,158.668,45
no_change,158.864,51
no_change,159.066,52
no_change,159.225,45
no_change,159.241,51
no_change,159.439,59
no_change,159.609,54
no_change,159.786,45
no_change,159.98,52
no_change,160.157,45
no_change,160.336,50
no_change,160.548,52
no_change,160.698,45
no_change,160.702,50
no_change,160.911,52
no_change,161.089,50
no_change,161.243,45
no_change,161.266,59
no_change,161.457,53
no_change,161.632,45
no_change,161.834,50
no_change,162.045,52
no_change,162.193,50
no_change,162.198,45
no_change,162.395,59
no_change,162.573,53
no_change,162.743,45
no_change,162.745,50
no_change,162.952,52
no_change,163.132,45
no_change,163.323,48
no_change,163.516,50
no_change,163.693,48
no_change,163.695,45
no_change,163.909,50
no_change,164.059,48
no_change,164.245,45
no_change,164.252,57
no_change,164.427,52
no_change,164.632,45
no_change,164.811,48
no_change,165.0,50
no_change,165.175,48
no_change,165.177,45
no_change,165.373,57
no_change,165.575,52
no_change,165.723,45
no_change,165.734,48
no_change,165.92,50
no_change,166.109,43
no_change,166.305,48
no_change,166.505,50
no_change,166.652,43
no_change,166.659,48
no_change,166.87,50
no_change,167.02,48
no_change,167.125,43
no_change,167.22,57
no_change,167.418,52
no_change,167.602,43
no_change,167.784,48
no_change,167.982,50
no_change,168.145,43
no_change,168.161,48
no_change,168.375,57
no_change,168.564,52
no_change,168.7,43
no_change,168.718,48
no_change,168.918,50
no_change,169.084,42
no_change,169.295,48
no_change,169.493,50
no_change,169.639,42
no_change,169.855,50
no_change,170.027,48
no_change,170.2,42
no_change,170.207,57
no_change,170.386,51
no_change,170.566,42
no_change,170.752,48
no_change,170.943,50
no_change,171.105,42
no_change,171.118,48
no_change,171.32,57
no_change,171.498,51
no_change,171.659,42
no_change,171.682,48
no_change,171.88,50
no_change,172.043,41
no_change,172.243,47
no_change,172.43,48
no_change,172.607,41
no_change,172.614,47
no_change,172.784,48
no_change,172.941,47
no_change,173.148,41
no_change,173.152,56
no_change,173.336,50
no_change,173.523,41
no_change,173.716,47
no_change,173.909,48
no_change,174.064,41
no_change,174.08,47
no_change,174.27,56
no_change,174.452,50
no_change,174.632,41
no_change,174.841,48
no_change,175.014,40
no_change,175.205,47
no_change,175.402,48
no_change,175.557,40
no_change,175.561,47
no_change,175.755,48
no_change,175.939,47
no_change,176.102,40
no_change,176.125,56
no_change,176.302,50
no_change,176.486,40
no_change,176.661,47
no_change,176.882,48
no_change,177.03,40
no_change,177.23,56
no_change,177.425,50
no_change,177.495,40
no_change,177.618,41
no_change,177.72,42
no_change,177.811,43
no_change,177.889,44
no_change,178.002,45
no_change,178.205,64
no_change,178.395,65
no_change,178.539,45
no_change,178.555,64
no_change,178.757,65
no_change,178.936,64
no_change,179.102,45
no_change,179.107,72
no_change,179.316,69
no_change,179.475,45
no_change,179.684,64
no_change,179.882,65
no_change,180.03,45
no_change,180.034,64
no_change,180.248,72
no_change,180.445,69
no_change,180.598,45
no_change,180.802,65
no_change,180.98,45
no_change,181.161,63
no_change,181.364,64
no_change,181.502,45
no_change,181.507,63
no_change,181.707,64
no_change,181.891,63
no_change,182.064,71
no_change,182.075,45
no_change,182.261,66
no_change,182.425,45
no_change,182.611,63
no_change,182.814,64
no_change,182.968,45
no_change,182.98,63
no_change,183.168,71
no_change,183.361,66
no_change,183.532,45
no_change,183.534,63
no_change,183.734,64
no_change,183.92,45
no_change,184.105,62
no_change,184.282,64
no_change,184.459,45
no_change,184.461,62
no_change,184.65,64
no_change,184.836,62
no_change,184.998,45
no_change,185.191,65
no_change,185.345,45
no_change,185.582,62
no_change,185.759,64
no_change,185.92,45
no_change,185.932,62
no_change,186.136,71
no_change,186.309,65
no_change,186.489,45
no_change,186.491,62
no_change,186.686,64
no_change,186.857,45
no_change,187.05,60
no_change,187.248,62
no_change,187.409,45
no_change,187.414,60
no_change,187.595,62
no_change,187.782,60
no_change,187.961,69
no_change,187.98,45
no_change,188.166,64
no_change,188.339,45
no_change,188.532,60
no_change,188.734,62
no_change,188.886,45
no_change,188.893,60
no_change,189.107,69
no_change,189.277,64
no_change,189.448,45
no_change,189.457,60
no_change,189.659,62
no_change,189.83,43
no_change,190.048,60
no_change,190.245,62
no_change,190.364,43
no_change,190.38,60
no_change,190.589,62
no_change,190.789,60
no_change,190.945,43
no_change,190.966,69
no_change,191.132,64
no_change,191.314,43
no_change,191.502,60
no_change,191.709,62
no_change,191.868,43
no_change,191.877,60
no_change,192.064,69
no_change,192.241,64
no_change,192.414,60
no_change,192.502,43
no_change,192.609,62
no_change,192.77,42
no_change,192.989,60
no_change,193.182,62
no_change,193.33,42
no_change,193.345,60
no_change,193.539,62
no_change,193.702,60
no_change,193.886,42
no_change,193.895,69
no_change,194.095,63
no_change,194.255,42
no_change,194.477,60
no_change,194.661,62
no_change,194.834,42
no_change,194.839,60
no_change,195.032,69
no_change,195.234,63
no_change,195.4,60
no_change,195.43,42
no_change,195.591,62
no_change,195.782,41
no_change,195.952,59
no_change,196.143,60
no_change,196.332,59
no_change,196.391,41
no_change,196.505,60
no_change,196.695,59
no_change,196.886,68
no_change,196.943,41
no_change,197.057,62
no_change,197.245,41
no_change,197.425,59
no_change,197.636,60
no_change,197.777,41
no_change,197.984,68
no_change,198.159,62
no_change,198.35,59
no_change,198.355,41
no_change,198.523,60
no_change,198.709,40
no_change,198.902,59
no_change,199.091,60
no_change,199.268,40
no_change,199.284,59
no_change,199.489,60
no_change,199.673,59
no_change,199.845,40
no_change,199.868,68
no_change,200.05,62
no_change,200.239,40
no_change,200.443,59
no_change,200.682,60
no_change,200.864,40
no_change,200.868,59
no_change,201.136,68
no_change,201.366,62
no_change,201.625,40
no_change,201.657,59
no_change,201.973,60
no_change,202.055,62
no_change,202.102,63
no_change,202.22,45
no_change,202.234,64
no_change,202.68,52
no_change,202.832,53
no_change,202.991,45
no_change,203.0,52
no_change,203.182,53
no_change,203.368,52
no_change,203.457,45
no_change,203.539,60
no_change,203.727,57
no_change,203.905,45
no_change,204.077,52
no_change,204.252,53
no_change,204.427,45
no_change,204.432,52
no_change,204.618,62
no_change,204.834,60
no_change,204.975,45
no_change,204.984,59
no_change,205.159,57
no_change,205.309,45
no_change,205.334,59
no_change,205.536,51
no_change,205.72,52
no_change,205.88,45
no_change,205.898,51
no_change,206.102,52
no_change,206.286,51
no_change,206.434,45
no_change,206.443,59
no_change,206.643,54
no_change,206.814,45
no_change,206.998,51
no_change,207.205,52
no_change,207.339,51
no_change,207.341,45
no_change,207.539,59
no_change,207.73,54
no_change,207.886,51
no_change,207.889,45
no_change,208.082,59
no_change,208.184,60
no_change,208.305,62
no_change,208.311,45
no_change,208.495,50
no_change,208.684,52
no_change,208.866,45
no_change,208.868,50
no_change,209.057,52
no_change,209.227,50
no_change,209.386,45
no_change,209.4,59
no_change,209.58,53
no_change,209.768,45
no_change,209.959,50
no_change,210.143,52
no_change,210.295,45
no_change,210.305,53
no_change,210.309,62
no_change,210.509,52
no_change,210.682,50
no_change,210.686,59
no_change,210.845,48
no_change,210.848,57
no_change,211.007,56
no_change,211.009,47
no_change,211.195,45
no_change,211.441,48
no_change,211.609,50
no_change,211.75,45
no_change,211.939,50
no_change,212.089,48
no_change,212.282,57
no_change,212.418,45
no_change,212.484,52
no_change,212.65,45
no_change,212.807,48
no_change,213.0,50
no_change,213.168,45
no_change,213.182,48
no_change,213.416,57
no_change,213.609,52
no_change,213.877,45
no_change,213.886,57
no_change,214.114,59
no_change,214.359,60
no_change,214.377,59
no_change,214.391,43
no_change,214.509,60
no_change,214.827,48
no_change,215.027,50
no_change,215.173,43
no_change,215.175,48
no_change,215.359,50
no_change,215.516,48
no_change,215.723,57
no_change,215.864,43
no_change,215.911,52
no_change,216.086,43
no_change,216.252,48
no_change,216.43,50
no_change,216.605,43
no_change,216.614,48
no_change,216.823,60
no_change,217.018,59
no_change,217.159,43
no_change,217.182,60
no_change,217.352,57
no_change,217.536,42
no_change,217.539,59
no_change,217.761,48
no_change,217.927,50
no_change,218.095,42
no_change,218.1,48
no_change,218.284,50
no_change,218.457,48
no_change,218.625,42
no_change,218.659,57
no_change,218.836,51
no_change,218.995,42
no_change,219.2,48
no_change,219.393,50
no_change,219.534,42
no_change,219.55,48
no_change,219.743,57
no_change,219.92,51
no_change,220.08,42
no_change,220.093,48
no_change,220.275,50
no_change,220.482,59
no_change,220.541,41
no_change,220.693,47
no_change,220.855,48
no_change,221.016,41
no_change,221.02,47
no_change,221.216,48
no_change,221.4,47
no_change,221.575,41
no_change,221.577,56
no_change,221.768,50
no_change,221.95,41
no_change,222.118,47
no_change,222.332,48
no_change,222.47,41
no_change,222.482,47
no_change,222.684,62
no_change,222.925,60
no_change,223.075,41
no_change,223.18,59
no_change,223.314,57
no_change,223.455,59
no_change,223.459,40
no_change,223.645,47
no_change,223.825,48
no_change,224.007,40
no_change,224.198,48
no_change,224.38,47
no_change,224.55,40
no_change,224.566,56
no_change,224.752,50
no_change,224.93,40
no_change,225.123,47
no_change,225.323,48
no_change,225.5,47
no_change,225.502,40
no_change,225.725,51
no_change,225.964,50
no_change,226.17,48
no_change,226.357,47
no_change,226.38,64
no_change,226.459,65
no_change,226.575,46
no_change,226.582,67
no_change,226.798,55
no_change,226.989,62
no_change,227.189,46
no_change,227.348,55
no_change,227.539,62
no_change,227.705,46
no_change,227.818,65
no_change,227.886,64
no_change,227.991,62
no_change,228.116,61
no_change,228.12,45
no_change,228.127,52
no_change,228.268,53
no_change,228.293,62
no_change,228.405,64
no_change,228.491,55
no_change,228.657,58
no_change,228.87,65
no_change,228.955,64
no_change,229.045,62
no_change,229.236,45
no_change,229.416,61
no_change,229.609,50
no_change,229.611,65
no_change,229.614,62
no_change,229.836,57
no_change,230.014,58
no_change,230.177,57
no_change,230.186,46
no_change,230.37,58
no_change,230.539,57
no_change,230.725,45
no_change,230.727,65
no_change,230.932,62
no_change,231.109,41
no_change,231.311,49
no_change,231.493,50
no_change,231.68,52
no_change,231.907,53
no_change,232.061,56
no_change,232.159,57
no_change,232.25,59
no_change,232.348,61
no_change,232.452,62
no_change,232.5,64
no_change,232.65,44
no_change,232.661,65
no_change,232.884,53
no_change,233.077,60
no_change,233.241,44
no_change,233.436,53
no_change,233.652,60
no_change,233.802,44
no_change,233.984,53
no_change,234.045,54
no_change,234.141,43
no_change,234.175,55
no_change,234.325,56
no_change,234.357,53
no_change,234.52,56
no_change,234.534,59
no_change,234.705,43
no_change,234.72,62
no_change,234.92,67
no_change,234.943,65
no_change,235.077,64
no_change,235.25,43
no_change,235.436,62
no_change,235.634,48
no_change,235.636,64
no_change,235.868,55
no_change,236.045,59
no_change,236.216,48
no_change,236.218,62
no_change,236.402,64
no_change,236.557,65
no_change,236.745,59
no_change,236.755,48
no_change,236.932,55
no_change,237.12,64
no_change,237.148,47
no_change,237.316,56
no_change,237.489,59
no_change,237.684,62
no_change,237.786,47
no_change,237.875,64
no_change,238.052,65
no_change,238.223,47
no_change,238.239,68
no_change,238.414,71
no_change,238.605,45
no_change,238.818,69
no_change,238.98,71
no_change,239.17,64
no_change,239.18,45
no_change,239.368,69
no_change,239.543,72
no_change,239.73,45
no_change,239.916,69
no_change,240.102,45
no_change,240.105,74
no_change,240.307,64
no_change,240.466,69
no_change,240.643,45
no_change,240.645,76
no_change,240.845,74
no_change,240.916,72
no_change,241.009,71
no_change,241.193,45
no_change,241.368,69
no_change,241.559,45
no_change,241.577,71
no_change,241.775,63
no_change,241.959,64
no_change,242.107,45
no_change,242.136,63
no_change,242.327,64
no_change,242.5,63
no_change,242.657,45
no_change,242.666,71
no_change,242.861,66
no_change,243.009,45
no_change,243.223,63
no_change,243.423,64
no_change,243.573,45
no_change,243.586,63
no_change,243.793,71
no_change,243.968,66
no_change,244.145,45
no_change,244.161,63
no_change,244.359,64
no_change,244.416,63
no_change,244.509,45
no_change,244.52,62
no_change,244.718,65
no_change,244.916,69
no_change,245.091,45
no_change,245.1,62
no_change,245.298,65
no_change,245.475,71
no_change,245.645,45
no_change,245.666,62
no_change,245.852,65
no_change,246.039,72
no_change,246.041,45
no_change,246.248,62
no_change,246.398,68
no_change,246.582,45
no_change,246.593,74
no_change,246.791,72
no_change,246.85,71
no_change,246.959,69
no_change,247.15,45
no_change,247.325,68
no_change,247.5,45
no_change,247.532,69
no_change,247.723,60
no_change,247.93,62
no_change,248.08,45
no_change,248.091,60
no_change,248.295,62
no_change,248.468,60
no_change,248.65,45
no_change,248.659,69
no_change,248.861,64
no_change,249.016,45
no_change,249.211,60
no_change,249.411,62
no_change,249.557,60
no_change,249.755,69
no_change,249.934,64
no_change,250.127,60
no_change,250.33,59
no_change,250.491,109
no_change,250.682,53
no_change,250.714,59
no_change,250.716,64
no_change,250.809,54
no_change,250.918,60
no_change,251.064,109
no_change,251.255,61
no_change,251.259,54
no_change,251.264,65
no_change,251.47,64
no_change,251.473,59
no_change,251.484,53
no_change,251.636,109
no_change,251.836,53
no_change,251.843,59
no_change,251.845,64
no_change,252.027,54
no_change,252.036,60
no_change,252.041,65
no_change,252.38,72
no_change,252.386,67
no_change,252.534,64
no_change,252.566,69
no_change,252.757,51
no_change,252.952,52
no_change,253.125,45
no_change,253.695,69
no_change,253.7,60
no_change,253.705,64
